Archive member included to satisfy reference by file (symbol)

/Applications/STM32CubeIDE.app/Contents/Eclipse/plugins/com.st.stm32cube.ide.mcu.externaltools.gnu-tools-for-stm32.10.3-2021.10.macos64_1.0.0.202111181127/tools/bin/../lib/gcc/arm-none-eabi/10.3.1/../../../../arm-none-eabi/lib/thumb/v7-m/nofp/libc_nano.a(lib_a-errno.o)
                              ./Core/Src/syscalls.o (__errno)
/Applications/STM32CubeIDE.app/Contents/Eclipse/plugins/com.st.stm32cube.ide.mcu.externaltools.gnu-tools-for-stm32.10.3-2021.10.macos64_1.0.0.202111181127/tools/bin/../lib/gcc/arm-none-eabi/10.3.1/../../../../arm-none-eabi/lib/thumb/v7-m/nofp/libc_nano.a(lib_a-exit.o)
                              /Applications/STM32CubeIDE.app/Contents/Eclipse/plugins/com.st.stm32cube.ide.mcu.externaltools.gnu-tools-for-stm32.10.3-2021.10.macos64_1.0.0.202111181127/tools/bin/../lib/gcc/arm-none-eabi/10.3.1/../../../../arm-none-eabi/lib/thumb/v7-m/nofp/crt0.o (exit)
/Applications/STM32CubeIDE.app/Contents/Eclipse/plugins/com.st.stm32cube.ide.mcu.externaltools.gnu-tools-for-stm32.10.3-2021.10.macos64_1.0.0.202111181127/tools/bin/../lib/gcc/arm-none-eabi/10.3.1/../../../../arm-none-eabi/lib/thumb/v7-m/nofp/libc_nano.a(lib_a-impure.o)
                              /Applications/STM32CubeIDE.app/Contents/Eclipse/plugins/com.st.stm32cube.ide.mcu.externaltools.gnu-tools-for-stm32.10.3-2021.10.macos64_1.0.0.202111181127/tools/bin/../lib/gcc/arm-none-eabi/10.3.1/../../../../arm-none-eabi/lib/thumb/v7-m/nofp/libc_nano.a(lib_a-exit.o) (_global_impure_ptr)
/Applications/STM32CubeIDE.app/Contents/Eclipse/plugins/com.st.stm32cube.ide.mcu.externaltools.gnu-tools-for-stm32.10.3-2021.10.macos64_1.0.0.202111181127/tools/bin/../lib/gcc/arm-none-eabi/10.3.1/../../../../arm-none-eabi/lib/thumb/v7-m/nofp/libc_nano.a(lib_a-init.o)
                              /Applications/STM32CubeIDE.app/Contents/Eclipse/plugins/com.st.stm32cube.ide.mcu.externaltools.gnu-tools-for-stm32.10.3-2021.10.macos64_1.0.0.202111181127/tools/bin/../lib/gcc/arm-none-eabi/10.3.1/../../../../arm-none-eabi/lib/thumb/v7-m/nofp/crt0.o (__libc_init_array)
/Applications/STM32CubeIDE.app/Contents/Eclipse/plugins/com.st.stm32cube.ide.mcu.externaltools.gnu-tools-for-stm32.10.3-2021.10.macos64_1.0.0.202111181127/tools/bin/../lib/gcc/arm-none-eabi/10.3.1/../../../../arm-none-eabi/lib/thumb/v7-m/nofp/libc_nano.a(lib_a-memset.o)
                              /Applications/STM32CubeIDE.app/Contents/Eclipse/plugins/com.st.stm32cube.ide.mcu.externaltools.gnu-tools-for-stm32.10.3-2021.10.macos64_1.0.0.202111181127/tools/bin/../lib/gcc/arm-none-eabi/10.3.1/../../../../arm-none-eabi/lib/thumb/v7-m/nofp/crt0.o (memset)
/Applications/STM32CubeIDE.app/Contents/Eclipse/plugins/com.st.stm32cube.ide.mcu.externaltools.gnu-tools-for-stm32.10.3-2021.10.macos64_1.0.0.202111181127/tools/bin/../lib/gcc/arm-none-eabi/10.3.1/../../../../arm-none-eabi/lib/thumb/v7-m/nofp/libc_nano.a(lib_a-sprintf.o)
                              ./Core/Src/lcd.o (sprintf)
/Applications/STM32CubeIDE.app/Contents/Eclipse/plugins/com.st.stm32cube.ide.mcu.externaltools.gnu-tools-for-stm32.10.3-2021.10.macos64_1.0.0.202111181127/tools/bin/../lib/gcc/arm-none-eabi/10.3.1/../../../../arm-none-eabi/lib/thumb/v7-m/nofp/libc_nano.a(lib_a-nano-svfprintf.o)
                              /Applications/STM32CubeIDE.app/Contents/Eclipse/plugins/com.st.stm32cube.ide.mcu.externaltools.gnu-tools-for-stm32.10.3-2021.10.macos64_1.0.0.202111181127/tools/bin/../lib/gcc/arm-none-eabi/10.3.1/../../../../arm-none-eabi/lib/thumb/v7-m/nofp/libc_nano.a(lib_a-sprintf.o) (_svfprintf_r)
/Applications/STM32CubeIDE.app/Contents/Eclipse/plugins/com.st.stm32cube.ide.mcu.externaltools.gnu-tools-for-stm32.10.3-2021.10.macos64_1.0.0.202111181127/tools/bin/../lib/gcc/arm-none-eabi/10.3.1/../../../../arm-none-eabi/lib/thumb/v7-m/nofp/libc_nano.a(lib_a-nano-vfprintf_i.o)
                              /Applications/STM32CubeIDE.app/Contents/Eclipse/plugins/com.st.stm32cube.ide.mcu.externaltools.gnu-tools-for-stm32.10.3-2021.10.macos64_1.0.0.202111181127/tools/bin/../lib/gcc/arm-none-eabi/10.3.1/../../../../arm-none-eabi/lib/thumb/v7-m/nofp/libc_nano.a(lib_a-nano-svfprintf.o) (_printf_i)
/Applications/STM32CubeIDE.app/Contents/Eclipse/plugins/com.st.stm32cube.ide.mcu.externaltools.gnu-tools-for-stm32.10.3-2021.10.macos64_1.0.0.202111181127/tools/bin/../lib/gcc/arm-none-eabi/10.3.1/../../../../arm-none-eabi/lib/thumb/v7-m/nofp/libc_nano.a(lib_a-memchr-stub.o)
                              /Applications/STM32CubeIDE.app/Contents/Eclipse/plugins/com.st.stm32cube.ide.mcu.externaltools.gnu-tools-for-stm32.10.3-2021.10.macos64_1.0.0.202111181127/tools/bin/../lib/gcc/arm-none-eabi/10.3.1/../../../../arm-none-eabi/lib/thumb/v7-m/nofp/libc_nano.a(lib_a-nano-svfprintf.o) (memchr)
[...]
Memory Configuration

Name             Origin             Length             Attributes
RAM              0x0000000020000000 0x0000000000010000 xrw
FLASH            0x0000000008000000 0x0000000000080000 xr
*default*        0x0000000000000000 0xffffffffffffffff

Linker script and memory map

LOAD /Applications/STM32CubeIDE.app/Contents/Eclipse/plugins/com.st.stm32cube.ide.mcu.externaltools.gnu-tools-for-stm32.10.3-2021.10.macos64_1.0.0.202111181127/tools/bin/../lib/gcc/arm-none-eabi/10.3.1/thumb/v7-m/nofp/crti.o
LOAD /Applications/STM32CubeIDE.app/Contents/Eclipse/plugins/com.st.stm32cube.ide.mcu.externaltools.gnu-tools-for-stm32.10.3-2021.10.macos64_1.0.0.202111181127/tools/bin/../lib/gcc/arm-none-eabi/10.3.1/thumb/v7-m/nofp/crtbegin.o
LOAD /Applications/STM32CubeIDE.app/Contents/Eclipse/plugins/com.st.stm32cube.ide.mcu.externaltools.gnu-tools-for-stm32.10.3-2021.10.macos64_1.0.0.202111181127/tools/bin/../lib/gcc/arm-none-eabi/10.3.1/../../../../arm-none-eabi/lib/thumb/v7-m/nofp/crt0.o
LOAD ./Core/Src/lcd.o
LOAD ./Core/Src/main.o
LOAD ./Core/Src/stm32f1xx_hal_msp.o
LOAD ./Core/Src/stm32f1xx_it.o
LOAD ./Core/Src/syscalls.o
LOAD ./Core/Src/sysmem.o
LOAD ./Core/Src/system_stm32f1xx.o
LOAD ./Core/Startup/startup_stm32f103vetx.o
LOAD ./Drivers/STM32F1xx_HAL_Driver/Src/stm32f1xx_hal 2.o
LOAD ./Drivers/STM32F1xx_HAL_Driver/Src/stm32f1xx_hal.o
LOAD ./Drivers/STM32F1xx_HAL_Driver/Src/stm32f1xx_hal_cortex 2.o
LOAD ./Drivers/STM32F1xx_HAL_Driver/Src/stm32f1xx_hal_cortex.o
LOAD ./Drivers/STM32F1xx_HAL_Driver/Src/stm32f1xx_hal_dma 2.o
LOAD ./Drivers/STM32F1xx_HAL_Driver/Src/stm32f1xx_hal_dma.o
LOAD ./Drivers/STM32F1xx_HAL_Driver/Src/stm32f1xx_hal_exti 2.o
LOAD ./Drivers/STM32F1xx_HAL_Driver/Src/stm32f1xx_hal_exti.o
LOAD ./Drivers/STM32F1xx_HAL_Driver/Src/stm32f1xx_hal_flash 2.o
LOAD ./Drivers/STM32F1xx_HAL_Driver/Src/stm32f1xx_hal_flash.o
LOAD ./Drivers/STM32F1xx_HAL_Driver/Src/stm32f1xx_hal_flash_ex 2.o
LOAD ./Drivers/STM32F1xx_HAL_Driver/Src/stm32f1xx_hal_flash_ex.o
LOAD ./Drivers/STM32F1xx_HAL_Driver/Src/stm32f1xx_hal_gpio 2.o
LOAD ./Drivers/STM32F1xx_HAL_Driver/Src/stm32f1xx_hal_gpio.o
LOAD ./Drivers/STM32F1xx_HAL_Driver/Src/stm32f1xx_hal_gpio_ex 2.o
LOAD ./Drivers/STM32F1xx_HAL_Driver/Src/stm32f1xx_hal_gpio_ex.o
LOAD ./Drivers/STM32F1xx_HAL_Driver/Src/stm32f1xx_hal_i2c 2.o
LOAD ./Drivers/STM32F1xx_HAL_Driver/Src/stm32f1xx_hal_i2c.o
LOAD ./Drivers/STM32F1xx_HAL_Driver/Src/stm32f1xx_hal_pwr 2.o
LOAD ./Drivers/STM32F1xx_HAL_Driver/Src/stm32f1xx_hal_pwr.o
LOAD ./Drivers/STM32F1xx_HAL_Driver/Src/stm32f1xx_hal_rcc 2.o
LOAD ./Drivers/STM32F1xx_HAL_Driver/Src/stm32f1xx_hal_rcc.o
LOAD ./Drivers/STM32F1xx_HAL_Driver/Src/stm32f1xx_hal_rcc_ex 2.o
LOAD ./Drivers/STM32F1xx_HAL_Driver/Src/stm32f1xx_hal_rcc_ex.o
LOAD ./Drivers/STM32F1xx_HAL_Driver/Src/stm32f1xx_hal_sram 2.o
LOAD ./Drivers/STM32F1xx_HAL_Driver/Src/stm32f1xx_hal_sram.o
LOAD ./Drivers/STM32F1xx_HAL_Driver/Src/stm32f1xx_hal_tim 2.o
LOAD ./Drivers/STM32F1xx_HAL_Driver/Src/stm32f1xx_hal_tim.o
LOAD ./Drivers/STM32F1xx_HAL_Driver/Src/stm32f1xx_hal_tim_ex 2.o
LOAD ./Drivers/STM32F1xx_HAL_Driver/Src/stm32f1xx_hal_tim_ex.o
LOAD ./Drivers/STM32F1xx_HAL_Driver/Src/stm32f1xx_ll_fsmc 2.o
LOAD ./Drivers/STM32F1xx_HAL_Driver/Src/stm32f1xx_ll_fsmc.o
START GROUP
LOAD /Applications/STM32CubeIDE.app/Contents/Eclipse/plugins/com.st.stm32cube.ide.mcu.externaltools.gnu-tools-for-stm32.10.3-2021.10.macos64_1.0.0.202111181127/tools/bin/../lib/gcc/arm-none-eabi/10.3.1/../../../../arm-none-eabi/lib/thumb/v7-m/nofp/libc_nano.a
LOAD /Applications/STM32CubeIDE.app/Contents/Eclipse/plugins/com.st.stm32cube.ide.mcu.externaltools.gnu-tools-for-stm32.10.3-2021.10.macos64_1.0.0.202111181127/tools/bin/../lib/gcc/arm-none-eabi/10.3.1/../../../../arm-none-eabi/lib/thumb/v7-m/nofp/libm.a
END GROUP
START GROUP
LOAD /Applications/STM32CubeIDE.app/Contents/Eclipse/plugins/com.st.stm32cube.ide.mcu.externaltools.gnu-tools-for-stm32.10.3-2021.10.macos64_1.0.0.202111181127/tools/bin/../lib/gcc/arm-none-eabi/10.3.1/thumb/v7-m/nofp/libgcc.a
LOAD /Applications/STM32CubeIDE.app/Contents/Eclipse/plugins/com.st.stm32cube.ide.mcu.externaltools.gnu-tools-for-stm32.10.3-2021.10.macos64_1.0.0.202111181127/tools/bin/../lib/gcc/arm-none-eabi/10.3.1/../../../../arm-none-eabi/lib/thumb/v7-m/nofp/libc_nano.a
END GROUP
START GROUP
LOAD /Applications/STM32CubeIDE.app/Contents/Eclipse/plugins/com.st.stm32cube.ide.mcu.externaltools.gnu-tools-for-stm32.10.3-2021.10.macos64_1.0.0.202111181127/tools/bin/../lib/gcc/arm-none-eabi/10.3.1/thumb/v7-m/nofp/libgcc.a
LOAD /Applications/STM32CubeIDE.app/Contents/Eclipse/plugins/com.st.stm32cube.ide.mcu.externaltools.gnu-tools-for-stm32.10.3-2021.10.macos64_1.0.0.202111181127/tools/bin/../lib/gcc/arm-none-eabi/10.3.1/../../../../arm-none-eabi/lib/thumb/v7-m/nofp/libc_nano.a
LOAD /Applications/STM32CubeIDE.app/Contents/Eclipse/plugins/com.st.stm32cube.ide.mcu.externaltools.gnu-tools-for-stm32.10.3-2021.10.macos64_1.0.0.202111181127/tools/bin/../lib/gcc/arm-none-eabi/10.3.1/../../../../arm-none-eabi/lib/thumb/v7-m/nofp/libnosys.a
END GROUP
START GROUP
LOAD /Applications/STM32CubeIDE.app/Contents/Eclipse/plugins/com.st.stm32cube.ide.mcu.externaltools.gnu-tools-for-stm32.10.3-2021.10.macos64_1.0.0.202111181127/tools/bin/../lib/gcc/arm-none-eabi/10.3.1/thumb/v7-m/nofp/libgcc.a
LOAD /Applications/STM32CubeIDE.app/Contents/Eclipse/plugins/com.st.stm32cube.ide.mcu.externaltools.gnu-tools-for-stm32.10.3-2021.10.macos64_1.0.0.202111181127/tools/bin/../lib/gcc/arm-none-eabi/10.3.1/../../../../arm-none-eabi/lib/thumb/v7-m/nofp/libc_nano.a
LOAD /Applications/STM32CubeIDE.app/Contents/Eclipse/plugins/com.st.stm32cube.ide.mcu.externaltools.gnu-tools-for-stm32.10.3-2021.10.macos64_1.0.0.202111181127/tools/bin/../lib/gcc/arm-none-eabi/10.3.1/../../../../arm-none-eabi/lib/thumb/v7-m/nofp/libnosys.a
END GROUP
LOAD /Applications/STM32CubeIDE.app/Contents/Eclipse/plugins/com.st.stm32cube.ide.mcu.externaltools.gnu-tools-for-stm32.10.3-2021.10.macos64_1.0.0.202111181127/tools/bin/../lib/gcc/arm-none-eabi/10.3.1/thumb/v7-m/nofp/crtend.o
LOAD /Applications/STM32CubeIDE.app/Contents/Eclipse/plugins/com.st.stm32cube.ide.mcu.externaltools.gnu-tools-for-stm32.10.3-2021.10.macos64_1.0.0.202111181127/tools/bin/../lib/gcc/arm-none-eabi/10.3.1/thumb/v7-m/nofp/crtn.o
                0x0000000020010000                _estack = (ORIGIN (RAM) + LENGTH (RAM))
                0x0000000000000200                _Min_Heap_Size = 0x200
                0x0000000000000400                _Min_Stack_Size = 0x400

.isr_vector     0x0000000008000000      0x1e4
                0x0000000008000000                . = ALIGN (0x4)
 *(.isr_vector)
 .isr_vector    0x0000000008000000      0x1e4 ./Core/Startup/startup_stm32f103vetx.o
                0x0000000008000000                g_pfnVectors
                0x00000000080001e4                . = ALIGN (0x4)

.text           0x00000000080001e8     0x4874
                0x00000000080001e8                . = ALIGN (0x4)
 *(.text)
 .text          0x00000000080001e8       0x40 /Applications/STM32CubeIDE.app/Contents/Eclipse/plugins/com.st.stm32cube.ide.mcu.externaltools.gnu-tools-for-stm32.10.3-2021.10.macos64_1.0.0.202111181127/tools/bin/../lib/gcc/arm-none-eabi/10.3.1/thumb/v7-m/nofp/crtbegin.o
 .text          0x0000000008000228      0x378 /Applications/STM32CubeIDE.app/Contents/Eclipse/plugins/com.st.stm32cube.ide.mcu.externaltools.gnu-tools-for-stm32.10.3-2021.10.macos64_1.0.0.202111181127/tools/bin/../lib/gcc/arm-none-eabi/10.3.1/thumb/v7-m/nofp/libgcc.a(_arm_addsubdf3.o)
                0x0000000008000228                __aeabi_drsub
                0x0000000008000230                __subdf3
                0x0000000008000230                __aeabi_dsub
                0x0000000008000234                __aeabi_dadd
                0x0000000008000234                __adddf3
                0x00000000080004ac                __aeabi_ui2d
                0x00000000080004ac                __floatunsidf
                0x00000000080004cc                __floatsidf
                0x00000000080004cc                __aeabi_i2d
                0x00000000080004f0                __extendsfdf2
                0x00000000080004f0                __aeabi_f2d
                0x0000000008000534                __aeabi_ul2d
                0x0000000008000534                __floatundidf
                0x0000000008000544                __aeabi_l2d
                0x0000000008000544                __floatdidf
 .text          0x00000000080005a0      0x424 /Applications/STM32CubeIDE.app/Contents/Eclipse/plugins/com.st.stm32cube.ide.mcu.externaltools.gnu-tools-for-stm32.10.3-2021.10.macos64_1.0.0.202111181127/tools/bin/../lib/gcc/arm-none-eabi/10.3.1/thumb/v7-m/nofp/libgcc.a(_arm_muldivdf3.o)
                0x00000000080005a0                __aeabi_dmul
                0x00000000080005a0                __muldf3
                0x00000000080007f4                __aeabi_ddiv
                0x00000000080007f4                __divdf3
 .text          0x00000000080009c4      0x110 /Applications/STM32CubeIDE.app/Contents/Eclipse/plugins/com.st.stm32cube.ide.mcu.externaltools.gnu-tools-for-stm32.10.3-2021.10.macos64_1.0.0.202111181127/tools/bin/../lib/gcc/arm-none-eabi/10.3.1/thumb/v7-m/nofp/libgcc.a(_arm_cmpdf2.o)
                0x00000000080009c4                __gedf2
                0x00000000080009c4                __gtdf2
                0x00000000080009cc                __ledf2
                0x00000000080009cc                __ltdf2
                0x00000000080009d4                __cmpdf2
                0x00000000080009d4                __eqdf2
                0x00000000080009d4                __nedf2
                0x0000000008000a50                __aeabi_cdrcmple
                0x0000000008000a60                __aeabi_cdcmple
                0x0000000008000a60                __aeabi_cdcmpeq
                0x0000000008000a70                __aeabi_dcmpeq
                0x0000000008000a84                __aeabi_dcmplt
                0x0000000008000a98                __aeabi_dcmple
                0x0000000008000aac                __aeabi_dcmpge
                0x0000000008000ac0                __aeabi_dcmpgt
 .text          0x0000000008000ad4       0x50 /Applications/STM32CubeIDE.app/Contents/Eclipse/plugins/com.st.stm32cube.ide.mcu.externaltools.gnu-tools-for-stm32.10.3-2021.10.macos64_1.0.0.202111181127/tools/bin/../lib/gcc/arm-none-eabi/10.3.1/thumb/v7-m/nofp/libgcc.a(_arm_fixdfsi.o)
                0x0000000008000ad4                __fixdfsi
                0x0000000008000ad4                __aeabi_d2iz
 *(.text*)
 .text.Delay    0x0000000008000b24       0x22 ./Core/Src/lcd.o
                0x0000000008000b24                Delay
 .text.LCD_INIT
                0x0000000008000b46       0x2e ./Core/Src/lcd.o
                0x0000000008000b46                LCD_INIT
 .text.LCD_Rst  0x0000000008000b74       0x30 ./Core/Src/lcd.o
                0x0000000008000b74                LCD_Rst
 .text.LCD_BackLed_Control
                0x0000000008000ba4       0x38 ./Core/Src/lcd.o
                0x0000000008000ba4                LCD_BackLed_Control
 .text.LCD_Write_Cmd
                0x0000000008000bdc       0x1c ./Core/Src/lcd.o
                0x0000000008000bdc                LCD_Write_Cmd
 .text.LCD_Write_Data
                0x0000000008000bf8       0x20 ./Core/Src/lcd.o
                0x0000000008000bf8                LCD_Write_Data
 .text.LCD_REG_Config
                0x0000000008000c18      0x234 ./Core/Src/lcd.o
                0x0000000008000c18                LCD_REG_Config
 .text.LCD_OpenWindow
                0x0000000008000e4c       0xb2 ./Core/Src/lcd.o
                0x0000000008000e4c                LCD_OpenWindow
 .text.LCD_FillColor
                0x0000000008000efe       0x3c ./Core/Src/lcd.o
                0x0000000008000efe                LCD_FillColor
 .text.LCD_Clear
                0x0000000008000f3a       0x46 ./Core/Src/lcd.o
                0x0000000008000f3a                LCD_Clear
 .text.LCD_DrawChar
                0x0000000008000f80       0x8c ./Core/Src/lcd.o
                0x0000000008000f80                LCD_DrawChar
 .text.LCD_DrawString
                0x000000000800100c       0x5e ./Core/Src/lcd.o
                0x000000000800100c                LCD_DrawString
 *fill*         0x000000000800106a        0x6 
 .text.main     0x0000000008001070      0x5c0 ./Core/Src/main.o
                0x0000000008001070                main
 .text.SystemClock_Config
                0x0000000008001630       0x8a ./Core/Src/main.o
                0x0000000008001630                SystemClock_Config
 *fill*         0x00000000080016ba        0x2 
 .text.MX_I2C2_Init
                0x00000000080016bc       0x5c ./Core/Src/main.o
 .text.MX_GPIO_Init
                0x0000000008001718      0x120 ./Core/Src/main.o
 .text.MX_FSMC_Init
                0x0000000008001838       0xc8 ./Core/Src/main.o
 .text.Error_Handler
                0x0000000008001900        0xa ./Core/Src/main.o
                0x0000000008001900                Error_Handler
 *fill*         0x000000000800190a        0x2 
 .text.HAL_MspInit
                0x000000000800190c       0x64 ./Core/Src/stm32f1xx_hal_msp.o
                0x000000000800190c                HAL_MspInit
 .text.HAL_I2C_MspInit
                0x0000000008001970       0x80 ./Core/Src/stm32f1xx_hal_msp.o
                0x0000000008001970                HAL_I2C_MspInit
 .text.HAL_FSMC_MspInit
                0x00000000080019f0       0x88 ./Core/Src/stm32f1xx_hal_msp.o
 .text.HAL_SRAM_MspInit
                0x0000000008001a78       0x14 ./Core/Src/stm32f1xx_hal_msp.o
                0x0000000008001a78                HAL_SRAM_MspInit
 .text.NMI_Handler
                0x0000000008001a8c        0x6 ./Core/Src/stm32f1xx_it.o
                0x0000000008001a8c                NMI_Handler
 .text.HardFault_Handler
                0x0000000008001a92        0x6 ./Core/Src/stm32f1xx_it.o
                0x0000000008001a92                HardFault_Handler
 .text.MemManage_Handler
                0x0000000008001a98        0x6 ./Core/Src/stm32f1xx_it.o
                0x0000000008001a98                MemManage_Handler
 .text.BusFault_Handler
                0x0000000008001a9e        0x6 ./Core/Src/stm32f1xx_it.o
                0x0000000008001a9e                BusFault_Handler
 .text.UsageFault_Handler
                0x0000000008001aa4        0x6 ./Core/Src/stm32f1xx_it.o
                0x0000000008001aa4                UsageFault_Handler
 .text.SVC_Handler
                0x0000000008001aaa        0xc ./Core/Src/stm32f1xx_it.o
                0x0000000008001aaa                SVC_Handler
 .text.DebugMon_Handler
                0x0000000008001ab6        0xc ./Core/Src/stm32f1xx_it.o
                0x0000000008001ab6                DebugMon_Handler
 .text.PendSV_Handler
                0x0000000008001ac2        0xc ./Core/Src/stm32f1xx_it.o
                0x0000000008001ac2                PendSV_Handler
 .text.SysTick_Handler
                0x0000000008001ace        0xc ./Core/Src/stm32f1xx_it.o
                0x0000000008001ace                SysTick_Handler
 *fill*         0x0000000008001ada        0x2 
 .text._sbrk    0x0000000008001adc       0x6c ./Core/Src/sysmem.o
                0x0000000008001adc                _sbrk
 .text.SystemInit
                0x0000000008001b48        0xc ./Core/Src/system_stm32f1xx.o
                0x0000000008001b48                SystemInit
 .text.Reset_Handler
                0x0000000008001b54       0x48 ./Core/Startup/startup_stm32f103vetx.o
                0x0000000008001b54                Reset_Handler
 .text.Default_Handler
                0x0000000008001b9c        0x2 ./Core/Startup/startup_stm32f103vetx.o
                0x0000000008001b9c                DMA2_Channel3_IRQHandler
                0x0000000008001b9c                EXTI2_IRQHandler
                0x0000000008001b9c                TIM8_TRG_COM_IRQHandler
                0x0000000008001b9c                TIM8_CC_IRQHandler
                0x0000000008001b9c                TIM1_CC_IRQHandler
                0x0000000008001b9c                TIM6_IRQHandler
                0x0000000008001b9c                PVD_IRQHandler
                0x0000000008001b9c                SDIO_IRQHandler
                0x0000000008001b9c                EXTI3_IRQHandler
                0x0000000008001b9c                EXTI0_IRQHandler
                0x0000000008001b9c                I2C2_EV_IRQHandler
                0x0000000008001b9c                ADC1_2_IRQHandler
                0x0000000008001b9c                SPI1_IRQHandler
                0x0000000008001b9c                TAMPER_IRQHandler
                0x0000000008001b9c                TIM8_UP_IRQHandler
                0x0000000008001b9c                DMA2_Channel2_IRQHandler
                0x0000000008001b9c                DMA1_Channel4_IRQHandler
                0x0000000008001b9c                USART3_IRQHandler
                0x0000000008001b9c                RTC_IRQHandler
                0x0000000008001b9c                DMA1_Channel7_IRQHandler
                0x0000000008001b9c                CAN1_RX1_IRQHandler
                0x0000000008001b9c                UART5_IRQHandler
                0x0000000008001b9c                ADC3_IRQHandler
                0x0000000008001b9c                TIM4_IRQHandler
                0x0000000008001b9c                DMA2_Channel1_IRQHandler
                0x0000000008001b9c                I2C1_EV_IRQHandler
                0x0000000008001b9c                DMA1_Channel6_IRQHandler
                0x0000000008001b9c                UART4_IRQHandler
                0x0000000008001b9c                TIM3_IRQHandler
                0x0000000008001b9c                RCC_IRQHandler
                0x0000000008001b9c                TIM1_TRG_COM_IRQHandler
                0x0000000008001b9c                DMA1_Channel1_IRQHandler
                0x0000000008001b9c                Default_Handler
                0x0000000008001b9c                EXTI15_10_IRQHandler
                0x0000000008001b9c                TIM7_IRQHandler
                0x0000000008001b9c                TIM5_IRQHandler
                0x0000000008001b9c                EXTI9_5_IRQHandler
                0x0000000008001b9c                SPI2_IRQHandler
                0x0000000008001b9c                DMA1_Channel5_IRQHandler
                0x0000000008001b9c                EXTI4_IRQHandler
                0x0000000008001b9c                USB_LP_CAN1_RX0_IRQHandler
                0x0000000008001b9c                USB_HP_CAN1_TX_IRQHandler
                0x0000000008001b9c                DMA1_Channel3_IRQHandler
                0x0000000008001b9c                FSMC_IRQHandler
                0x0000000008001b9c                TIM1_UP_IRQHandler
                0x0000000008001b9c                WWDG_IRQHandler
                0x0000000008001b9c                TIM2_IRQHandler
                0x0000000008001b9c                TIM1_BRK_IRQHandler
                0x0000000008001b9c                EXTI1_IRQHandler
                0x0000000008001b9c                DMA2_Channel4_5_IRQHandler
                0x0000000008001b9c                USART2_IRQHandler
                0x0000000008001b9c                I2C2_ER_IRQHandler
                0x0000000008001b9c                DMA1_Channel2_IRQHandler
                0x0000000008001b9c                TIM8_BRK_IRQHandler
                0x0000000008001b9c                CAN1_SCE_IRQHandler
                0x0000000008001b9c                FLASH_IRQHandler
                0x0000000008001b9c                USART1_IRQHandler
                0x0000000008001b9c                SPI3_IRQHandler
                0x0000000008001b9c                I2C1_ER_IRQHandler
                0x0000000008001b9c                USBWakeUp_IRQHandler
                0x0000000008001b9c                RTC_Alarm_IRQHandler
 *fill*         0x0000000008001b9e        0x2 
 .text.HAL_Init
                0x0000000008001ba0       0x2c ./Drivers/STM32F1xx_HAL_Driver/Src/stm32f1xx_hal 2.o
                0x0000000008001ba0                HAL_Init
 .text.HAL_InitTick
                0x0000000008001bcc       0x60 ./Drivers/STM32F1xx_HAL_Driver/Src/stm32f1xx_hal 2.o
                0x0000000008001bcc                HAL_InitTick
 .text.HAL_IncTick
                0x0000000008001c2c       0x24 ./Drivers/STM32F1xx_HAL_Driver/Src/stm32f1xx_hal 2.o
                0x0000000008001c2c                HAL_IncTick
 .text.HAL_GetTick
                0x0000000008001c50       0x14 ./Drivers/STM32F1xx_HAL_Driver/Src/stm32f1xx_hal 2.o
                0x0000000008001c50                HAL_GetTick
 .text.HAL_Delay
                0x0000000008001c64       0x48 ./Drivers/STM32F1xx_HAL_Driver/Src/stm32f1xx_hal 2.o
                0x0000000008001c64                HAL_Delay
 .text.__NVIC_SetPriorityGrouping
                0x0000000008001cac       0x48 ./Drivers/STM32F1xx_HAL_Driver/Src/stm32f1xx_hal_cortex 2.o
 .text.__NVIC_GetPriorityGrouping
                0x0000000008001cf4       0x1c ./Drivers/STM32F1xx_HAL_Driver/Src/stm32f1xx_hal_cortex 2.o
 .text.__NVIC_SetPriority
                0x0000000008001d10       0x54 ./Drivers/STM32F1xx_HAL_Driver/Src/stm32f1xx_hal_cortex 2.o
 .text.NVIC_EncodePriority
                0x0000000008001d64       0x64 ./Drivers/STM32F1xx_HAL_Driver/Src/stm32f1xx_hal_cortex 2.o
 .text.SysTick_Config
                0x0000000008001dc8       0x44 ./Drivers/STM32F1xx_HAL_Driver/Src/stm32f1xx_hal_cortex 2.o
 .text.HAL_NVIC_SetPriorityGrouping
                0x0000000008001e0c       0x16 ./Drivers/STM32F1xx_HAL_Driver/Src/stm32f1xx_hal_cortex 2.o
                0x0000000008001e0c                HAL_NVIC_SetPriorityGrouping
 .text.HAL_NVIC_SetPriority
                0x0000000008001e22       0x38 ./Drivers/STM32F1xx_HAL_Driver/Src/stm32f1xx_hal_cortex 2.o
                0x0000000008001e22                HAL_NVIC_SetPriority
 .text.HAL_SYSTICK_Config
                0x0000000008001e5a       0x18 ./Drivers/STM32F1xx_HAL_Driver/Src/stm32f1xx_hal_cortex 2.o
                0x0000000008001e5a                HAL_SYSTICK_Config
 *fill*         0x0000000008001e72        0x2 
 .text.HAL_GPIO_Init
                0x0000000008001e74      0x328 ./Drivers/STM32F1xx_HAL_Driver/Src/stm32f1xx_hal_gpio 2.o
                0x0000000008001e74                HAL_GPIO_Init
 .text.HAL_GPIO_WritePin
                0x000000000800219c       0x30 ./Drivers/STM32F1xx_HAL_Driver/Src/stm32f1xx_hal_gpio 2.o
                0x000000000800219c                HAL_GPIO_WritePin
 .text.HAL_I2C_Init
                0x00000000080021cc      0x288 ./Drivers/STM32F1xx_HAL_Driver/Src/stm32f1xx_hal_i2c 2.o
                0x00000000080021cc                HAL_I2C_Init
 .text.HAL_I2C_Mem_Write
                0x0000000008002454      0x1f4 ./Drivers/STM32F1xx_HAL_Driver/Src/stm32f1xx_hal_i2c 2.o
                0x0000000008002454                HAL_I2C_Mem_Write
 .text.HAL_I2C_Mem_Read
                0x0000000008002648      0x4d0 ./Drivers/STM32F1xx_HAL_Driver/Src/stm32f1xx_hal_i2c 2.o
                0x0000000008002648                HAL_I2C_Mem_Read
 .text.I2C_RequestMemoryWrite
                0x0000000008002b18      0x12c ./Drivers/STM32F1xx_HAL_Driver/Src/stm32f1xx_hal_i2c 2.o
 .text.I2C_RequestMemoryRead
                0x0000000008002c44      0x1d0 ./Drivers/STM32F1xx_HAL_Driver/Src/stm32f1xx_hal_i2c 2.o
 .text.I2C_WaitOnFlagUntilTimeout
                0x0000000008002e14       0xae ./Drivers/STM32F1xx_HAL_Driver/Src/stm32f1xx_hal_i2c 2.o
 .text.I2C_WaitOnMasterAddressFlagUntilTimeout
                0x0000000008002ec2       0xfe ./Drivers/STM32F1xx_HAL_Driver/Src/stm32f1xx_hal_i2c 2.o
 .text.I2C_WaitOnTXEFlagUntilTimeout
                0x0000000008002fc0       0x82 ./Drivers/STM32F1xx_HAL_Driver/Src/stm32f1xx_hal_i2c 2.o
 .text.I2C_WaitOnBTFFlagUntilTimeout
                0x0000000008003042       0x82 ./Drivers/STM32F1xx_HAL_Driver/Src/stm32f1xx_hal_i2c 2.o
 .text.I2C_WaitOnRXNEFlagUntilTimeout
                0x00000000080030c4       0xac ./Drivers/STM32F1xx_HAL_Driver/Src/stm32f1xx_hal_i2c 2.o
 .text.I2C_IsAcknowledgeFailed
                0x0000000008003170       0x5c ./Drivers/STM32F1xx_HAL_Driver/Src/stm32f1xx_hal_i2c 2.o
 .text.HAL_RCC_OscConfig
                0x00000000080031cc      0x504 ./Drivers/STM32F1xx_HAL_Driver/Src/stm32f1xx_hal_rcc 2.o
                0x00000000080031cc                HAL_RCC_OscConfig
 .text.HAL_RCC_ClockConfig
                0x00000000080036d0      0x1d4 ./Drivers/STM32F1xx_HAL_Driver/Src/stm32f1xx_hal_rcc 2.o
                0x00000000080036d0                HAL_RCC_ClockConfig
 .text.HAL_RCC_GetSysClockFreq
                0x00000000080038a4       0xbc ./Drivers/STM32F1xx_HAL_Driver/Src/stm32f1xx_hal_rcc 2.o
                0x00000000080038a4                HAL_RCC_GetSysClockFreq
 .text.HAL_RCC_GetHCLKFreq
                0x0000000008003960       0x14 ./Drivers/STM32F1xx_HAL_Driver/Src/stm32f1xx_hal_rcc 2.o
                0x0000000008003960                HAL_RCC_GetHCLKFreq
 .text.HAL_RCC_GetPCLK1Freq
                0x0000000008003974       0x28 ./Drivers/STM32F1xx_HAL_Driver/Src/stm32f1xx_hal_rcc 2.o
                0x0000000008003974                HAL_RCC_GetPCLK1Freq
 .text.RCC_Delay
                0x000000000800399c       0x3c ./Drivers/STM32F1xx_HAL_Driver/Src/stm32f1xx_hal_rcc 2.o
 .text.HAL_SRAM_Init
                0x00000000080039d8       0x9a ./Drivers/STM32F1xx_HAL_Driver/Src/stm32f1xx_hal_sram 2.o
                0x00000000080039d8                HAL_SRAM_Init
 *fill*         0x0000000008003a72        0x2 
 .text.FSMC_NORSRAM_Init
                0x0000000008003a74       0xd4 ./Drivers/STM32F1xx_HAL_Driver/Src/stm32f1xx_ll_fsmc 2.o
                0x0000000008003a74                FSMC_NORSRAM_Init
 .text.FSMC_NORSRAM_Timing_Init
                0x0000000008003b48       0x68 ./Drivers/STM32F1xx_HAL_Driver/Src/stm32f1xx_ll_fsmc 2.o
                0x0000000008003b48                FSMC_NORSRAM_Timing_Init
 .text.FSMC_NORSRAM_Extended_Timing_Init
                0x0000000008003bb0       0x70 ./Drivers/STM32F1xx_HAL_Driver/Src/stm32f1xx_ll_fsmc 2.o
                0x0000000008003bb0                FSMC_NORSRAM_Extended_Timing_Init
 .text.__errno  0x0000000008003c20        0xc /Applications/STM32CubeIDE.app/Contents/Eclipse/plugins/com.st.stm32cube.ide.mcu.externaltools.gnu-tools-for-stm32.10.3-2021.10.macos64_1.0.0.202111181127/tools/bin/../lib/gcc/arm-none-eabi/10.3.1/../../../../arm-none-eabi/lib/thumb/v7-m/nofp/libc_nano.a(lib_a-errno.o)
                0x0000000008003c20                __errno
 .text.__libc_init_array
                0x0000000008003c2c       0x48 /Applications/STM32CubeIDE.app/Contents/Eclipse/plugins/com.st.stm32cube.ide.mcu.externaltools.gnu-tools-for-stm32.10.3-2021.10.macos64_1.0.0.202111181127/tools/bin/../lib/gcc/arm-none-eabi/10.3.1/../../../../arm-none-eabi/lib/thumb/v7-m/nofp/libc_nano.a(lib_a-init.o)
                0x0000000008003c2c                __libc_init_array
 .text.memset   0x0000000008003c74       0x10 /Applications/STM32CubeIDE.app/Contents/Eclipse/plugins/com.st.stm32cube.ide.mcu.externaltools.gnu-tools-for-stm32.10.3-2021.10.macos64_1.0.0.202111181127/tools/bin/../lib/gcc/arm-none-eabi/10.3.1/../../../../arm-none-eabi/lib/thumb/v7-m/nofp/libc_nano.a(lib_a-memset.o)
                0x0000000008003c74                memset
 .text.sprintf  0x0000000008003c84       0x40 /Applications/STM32CubeIDE.app/Contents/Eclipse/plugins/com.st.stm32cube.ide.mcu.externaltools.gnu-tools-for-stm32.10.3-2021.10.macos64_1.0.0.202111181127/tools/bin/../lib/gcc/arm-none-eabi/10.3.1/../../../../arm-none-eabi/lib/thumb/v7-m/nofp/libc_nano.a(lib_a-sprintf.o)
                0x0000000008003c84                sprintf
                0x0000000008003c84                siprintf
 .text.__ssputs_r
                0x0000000008003cc4       0xb6 /Applications/STM32CubeIDE.app/Contents/Eclipse/plugins/com.st.stm32cube.ide.mcu.externaltools.gnu-tools-for-stm32.10.3-2021.10.macos64_1.0.0.202111181127/tools/bin/../lib/gcc/arm-none-eabi/10.3.1/../../../../arm-none-eabi/lib/thumb/v7-m/nofp/libc_nano.a(lib_a-nano-svfprintf.o)
                0x0000000008003cc4                __ssputs_r
 *fill*         0x0000000008003d7a        0x2 
 .text._svfprintf_r
                0x0000000008003d7c      0x200 /Applications/STM32CubeIDE.app/Contents/Eclipse/plugins/com.st.stm32cube.ide.mcu.externaltools.gnu-tools-for-stm32.10.3-2021.10.macos64_1.0.0.202111181127/tools/bin/../lib/gcc/arm-none-eabi/10.3.1/../../../../arm-none-eabi/lib/thumb/v7-m/nofp/libc_nano.a(lib_a-nano-svfprintf.o)
                0x0000000008003d7c                _svfprintf_r
                0x0000000008003d7c                _svfiprintf_r
 .text._printf_common
                0x0000000008003f7c       0xde /Applications/STM32CubeIDE.app/Contents/Eclipse/plugins/com.st.stm32cube.ide.mcu.externaltools.gnu-tools-for-stm32.10.3-2021.10.macos64_1.0.0.202111181127/tools/bin/../lib/gcc/arm-none-eabi/10.3.1/../../../../arm-none-eabi/lib/thumb/v7-m/nofp/libc_nano.a(lib_a-nano-vfprintf_i.o)
                0x0000000008003f7c                _printf_common
 *fill*         0x000000000800405a        0x2 
 .text._printf_i
                0x000000000800405c      0x24c /Applications/STM32CubeIDE.app/Contents/Eclipse/plugins/com.st.stm32cube.ide.mcu.externaltools.gnu-tools-for-stm32.10.3-2021.10.macos64_1.0.0.202111181127/tools/bin/../lib/gcc/arm-none-eabi/10.3.1/../../../../arm-none-eabi/lib/thumb/v7-m/nofp/libc_nano.a(lib_a-nano-vfprintf_i.o)
                0x000000000800405c                _printf_i
 .text.memchr   0x00000000080042a8       0x1c /Applications/STM32CubeIDE.app/Contents/Eclipse/plugins/com.st.stm32cube.ide.mcu.externaltools.gnu-tools-for-stm32.10.3-2021.10.macos64_1.0.0.202111181127/tools/bin/../lib/gcc/arm-none-eabi/10.3.1/../../../../arm-none-eabi/lib/thumb/v7-m/nofp/libc_nano.a(lib_a-memchr-stub.o)
                0x00000000080042a8                memchr
 .text.memcpy   0x00000000080042c4       0x1c /Applications/STM32CubeIDE.app/Contents/Eclipse/plugins/com.st.stm32cube.ide.mcu.externaltools.gnu-tools-for-stm32.10.3-2021.10.macos64_1.0.0.202111181127/tools/bin/../lib/gcc/arm-none-eabi/10.3.1/../../../../arm-none-eabi/lib/thumb/v7-m/nofp/libc_nano.a(lib_a-memcpy-stub.o)
                0x00000000080042c4                memcpy
 .text.memmove  0x00000000080042e0       0x34 /Applications/STM32CubeIDE.app/Contents/Eclipse/plugins/com.st.stm32cube.ide.mcu.externaltools.gnu-tools-for-stm32.10.3-2021.10.macos64_1.0.0.202111181127/tools/bin/../lib/gcc/arm-none-eabi/10.3.1/../../../../arm-none-eabi/lib/thumb/v7-m/nofp/libc_nano.a(lib_a-memmove.o)
                0x00000000080042e0                memmove
 .text._free_r  0x0000000008004314       0x90 /Applications/STM32CubeIDE.app/Contents/Eclipse/plugins/com.st.stm32cube.ide.mcu.externaltools.gnu-tools-for-stm32.10.3-2021.10.macos64_1.0.0.202111181127/tools/bin/../lib/gcc/arm-none-eabi/10.3.1/../../../../arm-none-eabi/lib/thumb/v7-m/nofp/libc_nano.a(lib_a-nano-freer.o)
                0x0000000008004314                _free_r
 .text.sbrk_aligned
                0x00000000080043a4       0x40 /Applications/STM32CubeIDE.app/Contents/Eclipse/plugins/com.st.stm32cube.ide.mcu.externaltools.gnu-tools-for-stm32.10.3-2021.10.macos64_1.0.0.202111181127/tools/bin/../lib/gcc/arm-none-eabi/10.3.1/../../../../arm-none-eabi/lib/thumb/v7-m/nofp/libc_nano.a(lib_a-nano-mallocr.o)
 .text._malloc_r
                0x00000000080043e4       0xe8 /Applications/STM32CubeIDE.app/Contents/Eclipse/plugins/com.st.stm32cube.ide.mcu.externaltools.gnu-tools-for-stm32.10.3-2021.10.macos64_1.0.0.202111181127/tools/bin/../lib/gcc/arm-none-eabi/10.3.1/../../../../arm-none-eabi/lib/thumb/v7-m/nofp/libc_nano.a(lib_a-nano-mallocr.o)
                0x00000000080043e4                _malloc_r
 .text._realloc_r
                0x00000000080044cc       0x5e /Applications/STM32CubeIDE.app/Contents/Eclipse/plugins/com.st.stm32cube.ide.mcu.externaltools.gnu-tools-for-stm32.10.3-2021.10.macos64_1.0.0.202111181127/tools/bin/../lib/gcc/arm-none-eabi/10.3.1/../../../../arm-none-eabi/lib/thumb/v7-m/nofp/libc_nano.a(lib_a-nano-reallocr.o)
                0x00000000080044cc                _realloc_r
 *fill*         0x000000000800452a        0x2 
 .text._sbrk_r  0x000000000800452c       0x20 /Applications/STM32CubeIDE.app/Contents/Eclipse/plugins/com.st.stm32cube.ide.mcu.externaltools.gnu-tools-for-stm32.10.3-2021.10.macos64_1.0.0.202111181127/tools/bin/../lib/gcc/arm-none-eabi/10.3.1/../../../../arm-none-eabi/lib/thumb/v7-m/nofp/libc_nano.a(lib_a-sbrkr.o)
                0x000000000800452c                _sbrk_r
 .text.__malloc_lock
                0x000000000800454c        0xc /Applications/STM32CubeIDE.app/Contents/Eclipse/plugins/com.st.stm32cube.ide.mcu.externaltools.gnu-tools-for-stm32.10.3-2021.10.macos64_1.0.0.202111181127/tools/bin/../lib/gcc/arm-none-eabi/10.3.1/../../../../arm-none-eabi/lib/thumb/v7-m/nofp/libc_nano.a(lib_a-mlock.o)
                0x000000000800454c                __malloc_lock
 .text.__malloc_unlock
                0x0000000008004558        0xc /Applications/STM32CubeIDE.app/Contents/Eclipse/plugins/com.st.stm32cube.ide.mcu.externaltools.gnu-tools-for-stm32.10.3-2021.10.macos64_1.0.0.202111181127/tools/bin/../lib/gcc/arm-none-eabi/10.3.1/../../../../arm-none-eabi/lib/thumb/v7-m/nofp/libc_nano.a(lib_a-mlock.o)
                0x0000000008004558                __malloc_unlock
 .text._malloc_usable_size_r
                0x0000000008004564       0x10 /Applications/STM32CubeIDE.app/Contents/Eclipse/plugins/com.st.stm32cube.ide.mcu.externaltools.gnu-tools-for-stm32.10.3-2021.10.macos64_1.0.0.202111181127/tools/bin/../lib/gcc/arm-none-eabi/10.3.1/../../../../arm-none-eabi/lib/thumb/v7-m/nofp/libc_nano.a(lib_a-nano-msizer.o)
                0x0000000008004564                _malloc_usable_size_r
 .text.__retarget_lock_acquire_recursive
                0x0000000008004574        0x2 /Applications/STM32CubeIDE.app/Contents/Eclipse/plugins/com.st.stm32cube.ide.mcu.externaltools.gnu-tools-for-stm32.10.3-2021.10.macos64_1.0.0.202111181127/tools/bin/../lib/gcc/arm-none-eabi/10.3.1/../../../../arm-none-eabi/lib/thumb/v7-m/nofp/libc_nano.a(lib_a-lock.o)
                0x0000000008004574                __retarget_lock_acquire_recursive
 .text.__retarget_lock_release_recursive
                0x0000000008004576        0x2 /Applications/STM32CubeIDE.app/Contents/Eclipse/plugins/com.st.stm32cube.ide.mcu.externaltools.gnu-tools-for-stm32.10.3-2021.10.macos64_1.0.0.202111181127/tools/bin/../lib/gcc/arm-none-eabi/10.3.1/../../../../arm-none-eabi/lib/thumb/v7-m/nofp/libc_nano.a(lib_a-lock.o)
                0x0000000008004576                __retarget_lock_release_recursive
 .text.atan2    0x0000000008004578        0x4 /Applications/STM32CubeIDE.app/Contents/Eclipse/plugins/com.st.stm32cube.ide.mcu.externaltools.gnu-tools-for-stm32.10.3-2021.10.macos64_1.0.0.202111181127/tools/bin/../lib/gcc/arm-none-eabi/10.3.1/../../../../arm-none-eabi/lib/thumb/v7-m/nofp/libm.a(lib_a-w_atan2.o)
                0x0000000008004578                atan2
 *fill*         0x000000000800457c        0x4 
 .text.__ieee754_atan2
                0x0000000008004580      0x1a4 /Applications/STM32CubeIDE.app/Contents/Eclipse/plugins/com.st.stm32cube.ide.mcu.externaltools.gnu-tools-for-stm32.10.3-2021.10.macos64_1.0.0.202111181127/tools/bin/../lib/gcc/arm-none-eabi/10.3.1/../../../../arm-none-eabi/lib/thumb/v7-m/nofp/libm.a(lib_a-e_atan2.o)
                0x0000000008004580                __ieee754_atan2
 *fill*         0x0000000008004724        0x4 
 .text.atan     0x0000000008004728      0x314 /Applications/STM32CubeIDE.app/Contents/Eclipse/plugins/com.st.stm32cube.ide.mcu.externaltools.gnu-tools-for-stm32.10.3-2021.10.macos64_1.0.0.202111181127/tools/bin/../lib/gcc/arm-none-eabi/10.3.1/../../../../arm-none-eabi/lib/thumb/v7-m/nofp/libm.a(lib_a-s_atan.o)
                0x0000000008004728                atan
 .text.fabs     0x0000000008004a3c        0x6 /Applications/STM32CubeIDE.app/Contents/Eclipse/plugins/com.st.stm32cube.ide.mcu.externaltools.gnu-tools-for-stm32.10.3-2021.10.macos64_1.0.0.202111181127/tools/bin/../lib/gcc/arm-none-eabi/10.3.1/../../../../arm-none-eabi/lib/thumb/v7-m/nofp/libm.a(lib_a-s_fabs.o)
                0x0000000008004a3c                fabs
 *(.glue_7)
 .glue_7        0x0000000008004a42        0x0 linker stubs
 *(.glue_7t)
 .glue_7t       0x0000000008004a42        0x0 linker stubs
 *(.eh_frame)
 *fill*         0x0000000008004a42        0x2 
 .eh_frame      0x0000000008004a44        0x0 /Applications/STM32CubeIDE.app/Contents/Eclipse/plugins/com.st.stm32cube.ide.mcu.externaltools.gnu-tools-for-stm32.10.3-2021.10.macos64_1.0.0.202111181127/tools/bin/../lib/gcc/arm-none-eabi/10.3.1/thumb/v7-m/nofp/crtbegin.o
 *(.init)
 .init          0x0000000008004a44        0x4 /Applications/STM32CubeIDE.app/Contents/Eclipse/plugins/com.st.stm32cube.ide.mcu.externaltools.gnu-tools-for-stm32.10.3-2021.10.macos64_1.0.0.202111181127/tools/bin/../lib/gcc/arm-none-eabi/10.3.1/thumb/v7-m/nofp/crti.o
                0x0000000008004a44                _init
 .init          0x0000000008004a48        0x8 /Applications/STM32CubeIDE.app/Contents/Eclipse/plugins/com.st.stm32cube.ide.mcu.externaltools.gnu-tools-for-stm32.10.3-2021.10.macos64_1.0.0.202111181127/tools/bin/../lib/gcc/arm-none-eabi/10.3.1/thumb/v7-m/nofp/crtn.o
 *(.fini)
 .fini          0x0000000008004a50        0x4 /Applications/STM32CubeIDE.app/Contents/Eclipse/plugins/com.st.stm32cube.ide.mcu.externaltools.gnu-tools-for-stm32.10.3-2021.10.macos64_1.0.0.202111181127/tools/bin/../lib/gcc/arm-none-eabi/10.3.1/thumb/v7-m/nofp/crti.o
                0x0000000008004a50                _fini
 .fini          0x0000000008004a54        0x8 /Applications/STM32CubeIDE.app/Contents/Eclipse/plugins/com.st.stm32cube.ide.mcu.externaltools.gnu-tools-for-stm32.10.3-2021.10.macos64_1.0.0.202111181127/tools/bin/../lib/gcc/arm-none-eabi/10.3.1/thumb/v7-m/nofp/crtn.o
                0x0000000008004a5c                . = ALIGN (0x4)
                0x0000000008004a5c                _etext = .

.vfp11_veneer   0x0000000008004a5c        0x0
 .vfp11_veneer  0x0000000008004a5c        0x0 linker stubs

.v4_bx          0x0000000008004a5c        0x0
 .v4_bx         0x0000000008004a5c        0x0 linker stubs

.iplt           0x0000000008004a5c        0x0
 .iplt          0x0000000008004a5c        0x0 /Applications/STM32CubeIDE.app/Contents/Eclipse/plugins/com.st.stm32cube.ide.mcu.externaltools.gnu-tools-for-stm32.10.3-2021.10.macos64_1.0.0.202111181127/tools/bin/../lib/gcc/arm-none-eabi/10.3.1/thumb/v7-m/nofp/crtbegin.o

.rodata         0x0000000008004a60      0x6e0
                0x0000000008004a60                . = ALIGN (0x4)
 *(.rodata)
 .rodata        0x0000000008004a60       0x1d ./Core/Src/main.o
 *fill*         0x0000000008004a7d        0x3 
 .rodata        0x0000000008004a80       0x10 ./Drivers/STM32F1xx_HAL_Driver/Src/stm32f1xx_hal_rcc 2.o
 *(.rodata*)
 .rodata.ucAscii_1608
                0x0000000008004a90      0x5f0 ./Core/Src/lcd.o
                0x0000000008004a90                ucAscii_1608
 .rodata.AHBPrescTable
                0x0000000008005080       0x10 ./Core/Src/system_stm32f1xx.o
                0x0000000008005080                AHBPrescTable
 .rodata.APBPrescTable
                0x0000000008005090        0x8 ./Core/Src/system_stm32f1xx.o
                0x0000000008005090                APBPrescTable
 .rodata._svfprintf_r.str1.1
                0x0000000008005098       0x11 /Applications/STM32CubeIDE.app/Contents/Eclipse/plugins/com.st.stm32cube.ide.mcu.externaltools.gnu-tools-for-stm32.10.3-2021.10.macos64_1.0.0.202111181127/tools/bin/../lib/gcc/arm-none-eabi/10.3.1/../../../../arm-none-eabi/lib/thumb/v7-m/nofp/libc_nano.a(lib_a-nano-svfprintf.o)
 .rodata._printf_i.str1.1
                0x00000000080050a9       0x22 /Applications/STM32CubeIDE.app/Contents/Eclipse/plugins/com.st.stm32cube.ide.mcu.externaltools.gnu-tools-for-stm32.10.3-2021.10.macos64_1.0.0.202111181127/tools/bin/../lib/gcc/arm-none-eabi/10.3.1/../../../../arm-none-eabi/lib/thumb/v7-m/nofp/libc_nano.a(lib_a-nano-vfprintf_i.o)
 *fill*         0x00000000080050cb        0x5 
 .rodata.CSWTCH.8
                0x00000000080050d0       0x18 /Applications/STM32CubeIDE.app/Contents/Eclipse/plugins/com.st.stm32cube.ide.mcu.externaltools.gnu-tools-for-stm32.10.3-2021.10.macos64_1.0.0.202111181127/tools/bin/../lib/gcc/arm-none-eabi/10.3.1/../../../../arm-none-eabi/lib/thumb/v7-m/nofp/libm.a(lib_a-e_atan2.o)
 .rodata.CSWTCH.9
                0x00000000080050e8       0x18 /Applications/STM32CubeIDE.app/Contents/Eclipse/plugins/com.st.stm32cube.ide.mcu.externaltools.gnu-tools-for-stm32.10.3-2021.10.macos64_1.0.0.202111181127/tools/bin/../lib/gcc/arm-none-eabi/10.3.1/../../../../arm-none-eabi/lib/thumb/v7-m/nofp/libm.a(lib_a-e_atan2.o)
 .rodata.atanhi
                0x0000000008005100       0x20 /Applications/STM32CubeIDE.app/Contents/Eclipse/plugins/com.st.stm32cube.ide.mcu.externaltools.gnu-tools-for-stm32.10.3-2021.10.macos64_1.0.0.202111181127/tools/bin/../lib/gcc/arm-none-eabi/10.3.1/../../../../arm-none-eabi/lib/thumb/v7-m/nofp/libm.a(lib_a-s_atan.o)
 .rodata.atanlo
                0x0000000008005120       0x20 /Applications/STM32CubeIDE.app/Contents/Eclipse/plugins/com.st.stm32cube.ide.mcu.externaltools.gnu-tools-for-stm32.10.3-2021.10.macos64_1.0.0.202111181127/tools/bin/../lib/gcc/arm-none-eabi/10.3.1/../../../../arm-none-eabi/lib/thumb/v7-m/nofp/libm.a(lib_a-s_atan.o)
                0x0000000008005140                . = ALIGN (0x4)

.rel.dyn        0x0000000008005140        0x0
 .rel.iplt      0x0000000008005140        0x0 /Applications/STM32CubeIDE.app/Contents/Eclipse/plugins/com.st.stm32cube.ide.mcu.externaltools.gnu-tools-for-stm32.10.3-2021.10.macos64_1.0.0.202111181127/tools/bin/../lib/gcc/arm-none-eabi/10.3.1/thumb/v7-m/nofp/crtbegin.o

.ARM.extab      0x0000000008005140        0x0
                0x0000000008005140                . = ALIGN (0x4)
 *(.ARM.extab* .gnu.linkonce.armextab.*)
                0x0000000008005140                . = ALIGN (0x4)

.ARM            0x0000000008005140        0x0
                0x0000000008005140                . = ALIGN (0x4)
                0x0000000008005140                __exidx_start = .
 *(.ARM.exidx*)
                0x0000000008005140                __exidx_end = .
                0x0000000008005140                . = ALIGN (0x4)

.preinit_array  0x0000000008005140        0x0
                0x0000000008005140                . = ALIGN (0x4)
                0x0000000008005140                PROVIDE (__preinit_array_start = .)
 *(.preinit_array*)
                0x0000000008005140                PROVIDE (__preinit_array_end = .)
                0x0000000008005140                . = ALIGN (0x4)

.init_array     0x0000000008005140        0x4
                0x0000000008005140                . = ALIGN (0x4)
                0x0000000008005140                PROVIDE (__init_array_start = .)
 *(SORT_BY_NAME(.init_array.*))
 *(.init_array*)
 .init_array    0x0000000008005140        0x4 /Applications/STM32CubeIDE.app/Contents/Eclipse/plugins/com.st.stm32cube.ide.mcu.externaltools.gnu-tools-for-stm32.10.3-2021.10.macos64_1.0.0.202111181127/tools/bin/../lib/gcc/arm-none-eabi/10.3.1/thumb/v7-m/nofp/crtbegin.o
                0x0000000008005144                PROVIDE (__init_array_end = .)
                0x0000000008005144                . = ALIGN (0x4)

.fini_array     0x0000000008005144        0x4
                0x0000000008005144                . = ALIGN (0x4)
                [!provide]                        PROVIDE (__fini_array_start = .)
 *(SORT_BY_NAME(.fini_array.*))
 *(.fini_array*)
 .fini_array    0x0000000008005144        0x4 /Applications/STM32CubeIDE.app/Contents/Eclipse/plugins/com.st.stm32cube.ide.mcu.externaltools.gnu-tools-for-stm32.10.3-2021.10.macos64_1.0.0.202111181127/tools/bin/../lib/gcc/arm-none-eabi/10.3.1/thumb/v7-m/nofp/crtbegin.o
                [!provide]                        PROVIDE (__fini_array_end = .)
                0x0000000008005148                . = ALIGN (0x4)
                0x0000000008005148                _sidata = LOADADDR (.data)

.data           0x0000000020000000       0x70 load address 0x0000000008005148
                0x0000000020000000                . = ALIGN (0x4)
                0x0000000020000000                _sdata = .
 *(.data)
 *(.data*)
 .data.SystemCoreClock
                0x0000000020000000        0x4 ./Core/Src/system_stm32f1xx.o
                0x0000000020000000                SystemCoreClock
 .data.uwTickPrio
                0x0000000020000004        0x4 ./Drivers/STM32F1xx_HAL_Driver/Src/stm32f1xx_hal 2.o
                0x0000000020000004                uwTickPrio
 .data.uwTickFreq
                0x0000000020000008        0x1 ./Drivers/STM32F1xx_HAL_Driver/Src/stm32f1xx_hal 2.o
                0x0000000020000008                uwTickFreq
 *fill*         0x0000000020000009        0x3 
 .data._impure_ptr
                0x000000002000000c        0x4 /Applications/STM32CubeIDE.app/Contents/Eclipse/plugins/com.st.stm32cube.ide.mcu.externaltools.gnu-tools-for-stm32.10.3-2021.10.macos64_1.0.0.202111181127/tools/bin/../lib/gcc/arm-none-eabi/10.3.1/../../../../arm-none-eabi/lib/thumb/v7-m/nofp/libc_nano.a(lib_a-impure.o)
                0x000000002000000c                _impure_ptr
 .data.impure_data
                0x0000000020000010       0x60 /Applications/STM32CubeIDE.app/Contents/Eclipse/plugins/com.st.stm32cube.ide.mcu.externaltools.gnu-tools-for-stm32.10.3-2021.10.macos64_1.0.0.202111181127/tools/bin/../lib/gcc/arm-none-eabi/10.3.1/../../../../arm-none-eabi/lib/thumb/v7-m/nofp/libc_nano.a(lib_a-impure.o)
 *(.RamFunc)
 *(.RamFunc*)
                0x0000000020000070                . = ALIGN (0x4)
                0x0000000020000070                _edata = .

.igot.plt       0x0000000020000070        0x0 load address 0x00000000080051b8
 .igot.plt      0x0000000020000070        0x0 /Applications/STM32CubeIDE.app/Contents/Eclipse/plugins/com.st.stm32cube.ide.mcu.externaltools.gnu-tools-for-stm32.10.3-2021.10.macos64_1.0.0.202111181127/tools/bin/../lib/gcc/arm-none-eabi/10.3.1/thumb/v7-m/nofp/crtbegin.o
                0x0000000020000070                . = ALIGN (0x4)

.bss            0x0000000020000070       0xd4 load address 0x00000000080051b8
                0x0000000020000070                _sbss = .
                0x0000000020000070                __bss_start__ = _sbss
 *(.bss)
 .bss           0x0000000020000070       0x1c /Applications/STM32CubeIDE.app/Contents/Eclipse/plugins/com.st.stm32cube.ide.mcu.externaltools.gnu-tools-for-stm32.10.3-2021.10.macos64_1.0.0.202111181127/tools/bin/../lib/gcc/arm-none-eabi/10.3.1/thumb/v7-m/nofp/crtbegin.o
 *(.bss*)
 .bss.hi2c2     0x000000002000008c       0x54 ./Core/Src/main.o
                0x000000002000008c                hi2c2
 .bss.hsram1    0x00000000200000e0       0x48 ./Core/Src/main.o
                0x00000000200000e0                hsram1
 .bss.FSMC_Initialized
                0x0000000020000128        0x4 ./Core/Src/stm32f1xx_hal_msp.o
 .bss.__sbrk_heap_end
                0x000000002000012c        0x4 ./Core/Src/sysmem.o
 .bss.uwTick    0x0000000020000130        0x4 ./Drivers/STM32F1xx_HAL_Driver/Src/stm32f1xx_hal 2.o
                0x0000000020000130                uwTick
 .bss.__malloc_free_list
                0x0000000020000134        0x4 /Applications/STM32CubeIDE.app/Contents/Eclipse/plugins/com.st.stm32cube.ide.mcu.externaltools.gnu-tools-for-stm32.10.3-2021.10.macos64_1.0.0.202111181127/tools/bin/../lib/gcc/arm-none-eabi/10.3.1/../../../../arm-none-eabi/lib/thumb/v7-m/nofp/libc_nano.a(lib_a-nano-mallocr.o)
                0x0000000020000134                __malloc_free_list
 .bss.__malloc_sbrk_start
                0x0000000020000138        0x4 /Applications/STM32CubeIDE.app/Contents/Eclipse/plugins/com.st.stm32cube.ide.mcu.externaltools.gnu-tools-for-stm32.10.3-2021.10.macos64_1.0.0.202111181127/tools/bin/../lib/gcc/arm-none-eabi/10.3.1/../../../../arm-none-eabi/lib/thumb/v7-m/nofp/libc_nano.a(lib_a-nano-mallocr.o)
                0x0000000020000138                __malloc_sbrk_start
 .bss.errno     0x000000002000013c        0x4 /Applications/STM32CubeIDE.app/Contents/Eclipse/plugins/com.st.stm32cube.ide.mcu.externaltools.gnu-tools-for-stm32.10.3-2021.10.macos64_1.0.0.202111181127/tools/bin/../lib/gcc/arm-none-eabi/10.3.1/../../../../arm-none-eabi/lib/thumb/v7-m/nofp/libc_nano.a(lib_a-reent.o)
                0x000000002000013c                errno
 .bss.__lock___malloc_recursive_mutex
                0x0000000020000140        0x1 /Applications/STM32CubeIDE.app/Contents/Eclipse/plugins/com.st.stm32cube.ide.mcu.externaltools.gnu-tools-for-stm32.10.3-2021.10.macos64_1.0.0.202111181127/tools/bin/../lib/gcc/arm-none-eabi/10.3.1/../../../../arm-none-eabi/lib/thumb/v7-m/nofp/libc_nano.a(lib_a-lock.o)
                0x0000000020000140                __lock___malloc_recursive_mutex
 *(COMMON)
                0x0000000020000144                . = ALIGN (0x4)
 *fill*         0x0000000020000141        0x3 
                0x0000000020000144                _ebss = .
                0x0000000020000144                __bss_end__ = _ebss

._user_heap_stack
                0x0000000020000144      0x604 load address 0x00000000080051b8
                0x0000000020000148                . = ALIGN (0x8)
 *fill*         0x0000000020000144        0x4 
                [!provide]                        PROVIDE (end = .)
                0x0000000020000148                PROVIDE (_end = .)
                0x0000000020000348                . = (. + _Min_Heap_Size)
 *fill*         0x0000000020000148      0x200 
                0x0000000020000748                . = (. + _Min_Stack_Size)
 *fill*         0x0000000020000348      0x400 
                0x0000000020000748                . = ALIGN (0x8)

/DISCARD/
 libc.a(*)
 libm.a(*)
 libgcc.a(*)

.ARM.attributes
                0x0000000000000000       0x29
 *(.ARM.attributes)
 .ARM.attributes
                0x0000000000000000       0x1d /Applications/STM32CubeIDE.app/Contents/Eclipse/plugins/com.st.stm32cube.ide.mcu.externaltools.gnu-tools-for-stm32.10.3-2021.10.macos64_1.0.0.202111181127/tools/bin/../lib/gcc/arm-none-eabi/10.3.1/thumb/v7-m/nofp/crti.o
 .ARM.attributes
                0x000000000000001d       0x2d /Applications/STM32CubeIDE.app/Contents/Eclipse/plugins/com.st.stm32cube.ide.mcu.externaltools.gnu-tools-for-stm32.10.3-2021.10.macos64_1.0.0.202111181127/tools/bin/../lib/gcc/arm-none-eabi/10.3.1/thumb/v7-m/nofp/crtbegin.o
 .ARM.attributes
                0x000000000000004a       0x2d ./Core/Src/lcd.o
 .ARM.attributes
                0x0000000000000077       0x2d ./Core/Src/main.o
 .ARM.attributes
                0x00000000000000a4       0x2d ./Core/Src/stm32f1xx_hal_msp.o
 .ARM.attributes
                0x00000000000000d1       0x2d ./Core/Src/stm32f1xx_it.o
 .ARM.attributes
                0x00000000000000fe       0x2d ./Core/Src/sysmem.o
 .ARM.attributes
                0x000000000000012b       0x2d ./Core/Src/system_stm32f1xx.o
 .ARM.attributes
                0x0000000000000158       0x21 ./Core/Startup/startup_stm32f103vetx.o
 .ARM.attributes
                0x0000000000000179       0x2d ./Drivers/STM32F1xx_HAL_Driver/Src/stm32f1xx_hal 2.o
 .ARM.attributes
                0x00000000000001a6       0x2d ./Drivers/STM32F1xx_HAL_Driver/Src/stm32f1xx_hal_cortex 2.o
 .ARM.attributes
                0x00000000000001d3       0x2d ./Drivers/STM32F1xx_HAL_Driver/Src/stm32f1xx_hal_gpio 2.o
 .ARM.attributes
                0x0000000000000200       0x2d ./Drivers/STM32F1xx_HAL_Driver/Src/stm32f1xx_hal_i2c 2.o
 .ARM.attributes
                0x000000000000022d       0x2d ./Drivers/STM32F1xx_HAL_Driver/Src/stm32f1xx_hal_rcc 2.o
 .ARM.attributes
                0x000000000000025a       0x2d ./Drivers/STM32F1xx_HAL_Driver/Src/stm32f1xx_hal_sram 2.o
 .ARM.attributes
                0x0000000000000287       0x2d ./Drivers/STM32F1xx_HAL_Driver/Src/stm32f1xx_ll_fsmc 2.o
 .ARM.attributes
                0x00000000000002b4       0x2d /Applications/STM32CubeIDE.app/Contents/Eclipse/plugins/com.st.stm32cube.ide.mcu.externaltools.gnu-tools-for-stm32.10.3-2021.10.macos64_1.0.0.202111181127/tools/bin/../lib/gcc/arm-none-eabi/10.3.1/../../../../arm-none-eabi/lib/thumb/v7-m/nofp/libc_nano.a(lib_a-errno.o)
 .ARM.attributes
                0x00000000000002e1       0x2d /Applications/STM32CubeIDE.app/Contents/Eclipse/plugins/com.st.stm32cube.ide.mcu.externaltools.gnu-tools-for-stm32.10.3-2021.10.macos64_1.0.0.202111181127/tools/bin/../lib/gcc/arm-none-eabi/10.3.1/../../../../arm-none-eabi/lib/thumb/v7-m/nofp/libc_nano.a(lib_a-impure.o)
 .ARM.attributes
                0x000000000000030e       0x2d /Applications/STM32CubeIDE.app/Contents/Eclipse/plugins/com.st.stm32cube.ide.mcu.externaltools.gnu-tools-for-stm32.10.3-2021.10.macos64_1.0.0.202111181127/tools/bin/../lib/gcc/arm-none-eabi/10.3.1/../../../../arm-none-eabi/lib/thumb/v7-m/nofp/libc_nano.a(lib_a-init.o)
 .ARM.attributes
                0x000000000000033b       0x2d /Applications/STM32CubeIDE.app/Contents/Eclipse/plugins/com.st.stm32cube.ide.mcu.externaltools.gnu-tools-for-stm32.10.3-2021.10.macos64_1.0.0.202111181127/tools/bin/../lib/gcc/arm-none-eabi/10.3.1/../../../../arm-none-eabi/lib/thumb/v7-m/nofp/libc_nano.a(lib_a-memset.o)
 .ARM.attributes
                0x0000000000000368       0x2d /Applications/STM32CubeIDE.app/Contents/Eclipse/plugins/com.st.stm32cube.ide.mcu.externaltools.gnu-tools-for-stm32.10.3-2021.10.macos64_1.0.0.202111181127/tools/bin/../lib/gcc/arm-none-eabi/10.3.1/../../../../arm-none-eabi/lib/thumb/v7-m/nofp/libc_nano.a(lib_a-sprintf.o)
 .ARM.attributes
                0x0000000000000395       0x2d /Applications/STM32CubeIDE.app/Contents/Eclipse/plugins/com.st.stm32cube.ide.mcu.externaltools.gnu-tools-for-stm32.10.3-2021.10.macos64_1.0.0.202111181127/tools/bin/../lib/gcc/arm-none-eabi/10.3.1/../../../../arm-none-eabi/lib/thumb/v7-m/nofp/libc_nano.a(lib_a-nano-svfprintf.o)
 .ARM.attributes
                0x00000000000003c2       0x2d /Applications/STM32CubeIDE.app/Contents/Eclipse/plugins/com.st.stm32cube.ide.mcu.externaltools.gnu-tools-for-stm32.10.3-2021.10.macos64_1.0.0.202111181127/tools/bin/../lib/gcc/arm-none-eabi/10.3.1/../../../../arm-none-eabi/lib/thumb/v7-m/nofp/libc_nano.a(lib_a-nano-vfprintf_i.o)
 .ARM.attributes
                0x00000000000003ef       0x2d /Applications/STM32CubeIDE.app/Contents/Eclipse/plugins/com.st.stm32cube.ide.mcu.externaltools.gnu-tools-for-stm32.10.3-2021.10.macos64_1.0.0.202111181127/tools/bin/../lib/gcc/arm-none-eabi/10.3.1/../../../../arm-none-eabi/lib/thumb/v7-m/nofp/libc_nano.a(lib_a-memchr-stub.o)
 .ARM.attributes
                0x000000000000041c       0x2d /Applications/STM32CubeIDE.app/Contents/Eclipse/plugins/com.st.stm32cube.ide.mcu.externaltools.gnu-tools-for-stm32.10.3-2021.10.macos64_1.0.0.202111181127/tools/bin/../lib/gcc/arm-none-eabi/10.3.1/../../../../arm-none-eabi/lib/thumb/v7-m/nofp/libc_nano.a(lib_a-memcpy-stub.o)
 .ARM.attributes
                0x0000000000000449       0x2d /Applications/STM32CubeIDE.app/Contents/Eclipse/plugins/com.st.stm32cube.ide.mcu.externaltools.gnu-tools-for-stm32.10.3-2021.10.macos64_1.0.0.202111181127/tools/bin/../lib/gcc/arm-none-eabi/10.3.1/../../../../arm-none-eabi/lib/thumb/v7-m/nofp/libc_nano.a(lib_a-memmove.o)
 .ARM.attributes
                0x0000000000000476       0x2d /Applications/STM32CubeIDE.app/Contents/Eclipse/plugins/com.st.stm32cube.ide.mcu.externaltools.gnu-tools-for-stm32.10.3-2021.10.macos64_1.0.0.202111181127/tools/bin/../lib/gcc/arm-none-eabi/10.3.1/../../../../arm-none-eabi/lib/thumb/v7-m/nofp/libc_nano.a(lib_a-nano-freer.o)
 .ARM.attributes
                0x00000000000004a3       0x2d /Applications/STM32CubeIDE.app/Contents/Eclipse/plugins/com.st.stm32cube.ide.mcu.externaltools.gnu-tools-for-stm32.10.3-2021.10.macos64_1.0.0.202111181127/tools/bin/../lib/gcc/arm-none-eabi/10.3.1/../../../../arm-none-eabi/lib/thumb/v7-m/nofp/libc_nano.a(lib_a-nano-mallocr.o)
 .ARM.attributes
                0x00000000000004d0       0x2d /Applications/STM32CubeIDE.app/Contents/Eclipse/plugins/com.st.stm32cube.ide.mcu.externaltools.gnu-tools-for-stm32.10.3-2021.10.macos64_1.0.0.202111181127/tools/bin/../lib/gcc/arm-none-eabi/10.3.1/../../../../arm-none-eabi/lib/thumb/v7-m/nofp/libc_nano.a(lib_a-nano-reallocr.o)
 .ARM.attributes
                0x00000000000004fd       0x2d /Applications/STM32CubeIDE.app/Contents/Eclipse/plugins/com.st.stm32cube.ide.mcu.externaltools.gnu-tools-for-stm32.10.3-2021.10.macos64_1.0.0.202111181127/tools/bin/../lib/gcc/arm-none-eabi/10.3.1/../../../../arm-none-eabi/lib/thumb/v7-m/nofp/libc_nano.a(lib_a-sbrkr.o)
 .ARM.attributes
                0x000000000000052a       0x2d /Applications/STM32CubeIDE.app/Contents/Eclipse/plugins/com.st.stm32cube.ide.mcu.externaltools.gnu-tools-for-stm32.10.3-2021.10.macos64_1.0.0.202111181127/tools/bin/../lib/gcc/arm-none-eabi/10.3.1/../../../../arm-none-eabi/lib/thumb/v7-m/nofp/libc_nano.a(lib_a-mlock.o)
 .ARM.attributes
                0x0000000000000557       0x2d /Applications/STM32CubeIDE.app/Contents/Eclipse/plugins/com.st.stm32cube.ide.mcu.externaltools.gnu-tools-for-stm32.10.3-2021.10.macos64_1.0.0.202111181127/tools/bin/../lib/gcc/arm-none-eabi/10.3.1/../../../../arm-none-eabi/lib/thumb/v7-m/nofp/libc_nano.a(lib_a-nano-msizer.o)
 .ARM.attributes
                0x0000000000000584       0x2d /Applications/STM32CubeIDE.app/Contents/Eclipse/plugins/com.st.stm32cube.ide.mcu.externaltools.gnu-tools-for-stm32.10.3-2021.10.macos64_1.0.0.202111181127/tools/bin/../lib/gcc/arm-none-eabi/10.3.1/../../../../arm-none-eabi/lib/thumb/v7-m/nofp/libc_nano.a(lib_a-reent.o)
 .ARM.attributes
                0x00000000000005b1       0x2d /Applications/STM32CubeIDE.app/Contents/Eclipse/plugins/com.st.stm32cube.ide.mcu.externaltools.gnu-tools-for-stm32.10.3-2021.10.macos64_1.0.0.202111181127/tools/bin/../lib/gcc/arm-none-eabi/10.3.1/../../../../arm-none-eabi/lib/thumb/v7-m/nofp/libc_nano.a(lib_a-lock.o)
 .ARM.attributes
                0x00000000000005de       0x2d /Applications/STM32CubeIDE.app/Contents/Eclipse/plugins/com.st.stm32cube.ide.mcu.externaltools.gnu-tools-for-stm32.10.3-2021.10.macos64_1.0.0.202111181127/tools/bin/../lib/gcc/arm-none-eabi/10.3.1/../../../../arm-none-eabi/lib/thumb/v7-m/nofp/libm.a(lib_a-w_atan2.o)
 .ARM.attributes
                0x000000000000060b       0x2d /Applications/STM32CubeIDE.app/Contents/Eclipse/plugins/com.st.stm32cube.ide.mcu.externaltools.gnu-tools-for-stm32.10.3-2021.10.macos64_1.0.0.202111181127/tools/bin/../lib/gcc/arm-none-eabi/10.3.1/../../../../arm-none-eabi/lib/thumb/v7-m/nofp/libm.a(lib_a-e_atan2.o)
 .ARM.attributes
                0x0000000000000638       0x2d /Applications/STM32CubeIDE.app/Contents/Eclipse/plugins/com.st.stm32cube.ide.mcu.externaltools.gnu-tools-for-stm32.10.3-2021.10.macos64_1.0.0.202111181127/tools/bin/../lib/gcc/arm-none-eabi/10.3.1/../../../../arm-none-eabi/lib/thumb/v7-m/nofp/libm.a(lib_a-s_atan.o)
 .ARM.attributes
                0x0000000000000665       0x2d /Applications/STM32CubeIDE.app/Contents/Eclipse/plugins/com.st.stm32cube.ide.mcu.externaltools.gnu-tools-for-stm32.10.3-2021.10.macos64_1.0.0.202111181127/tools/bin/../lib/gcc/arm-none-eabi/10.3.1/../../../../arm-none-eabi/lib/thumb/v7-m/nofp/libm.a(lib_a-s_fabs.o)
 .ARM.attributes
                0x0000000000000692       0x1d /Applications/STM32CubeIDE.app/Contents/Eclipse/plugins/com.st.stm32cube.ide.mcu.externaltools.gnu-tools-for-stm32.10.3-2021.10.macos64_1.0.0.202111181127/tools/bin/../lib/gcc/arm-none-eabi/10.3.1/thumb/v7-m/nofp/libgcc.a(_arm_addsubdf3.o)
 .ARM.attributes
                0x00000000000006af       0x1d /Applications/STM32CubeIDE.app/Contents/Eclipse/plugins/com.st.stm32cube.ide.mcu.externaltools.gnu-tools-for-stm32.10.3-2021.10.macos64_1.0.0.202111181127/tools/bin/../lib/gcc/arm-none-eabi/10.3.1/thumb/v7-m/nofp/libgcc.a(_arm_muldivdf3.o)
 .ARM.attributes
                0x00000000000006cc       0x1d /Applications/STM32CubeIDE.app/Contents/Eclipse/plugins/com.st.stm32cube.ide.mcu.externaltools.gnu-tools-for-stm32.10.3-2021.10.macos64_1.0.0.202111181127/tools/bin/../lib/gcc/arm-none-eabi/10.3.1/thumb/v7-m/nofp/libgcc.a(_arm_cmpdf2.o)
 .ARM.attributes
                0x00000000000006e9       0x1d /Applications/STM32CubeIDE.app/Contents/Eclipse/plugins/com.st.stm32cube.ide.mcu.externaltools.gnu-tools-for-stm32.10.3-2021.10.macos64_1.0.0.202111181127/tools/bin/../lib/gcc/arm-none-eabi/10.3.1/thumb/v7-m/nofp/libgcc.a(_arm_fixdfsi.o)
 .ARM.attributes
                0x0000000000000706       0x1d /Applications/STM32CubeIDE.app/Contents/Eclipse/plugins/com.st.stm32cube.ide.mcu.externaltools.gnu-tools-for-stm32.10.3-2021.10.macos64_1.0.0.202111181127/tools/bin/../lib/gcc/arm-none-eabi/10.3.1/thumb/v7-m/nofp/crtn.o
OUTPUT(lab6.elf elf32-littlearm)
LOAD linker stubs
LOAD /Applications/STM32CubeIDE.app/Contents/Eclipse/plugins/com.st.stm32cube.ide.mcu.externaltools.gnu-tools-for-stm32.10.3-2021.10.macos64_1.0.0.202111181127/tools/bin/../lib/gcc/arm-none-eabi/10.3.1/../../../../arm-none-eabi/lib/thumb/v7-m/nofp/libc.a
LOAD /Applications/STM32CubeIDE.app/Contents/Eclipse/plugins/com.st.stm32cube.ide.mcu.externaltools.gnu-tools-for-stm32.10.3-2021.10.macos64_1.0.0.202111181127/tools/bin/../lib/gcc/arm-none-eabi/10.3.1/../../../../arm-none-eabi/lib/thumb/v7-m/nofp/libm.a
LOAD /Applications/STM32CubeIDE.app/Contents/Eclipse/plugins/com.st.stm32cube.ide.mcu.externaltools.gnu-tools-for-stm32.10.3-2021.10.macos64_1.0.0.202111181127/tools/bin/../lib/gcc/arm-none-eabi/10.3.1/thumb/v7-m/nofp/libgcc.a

.debug_info     0x0000000000000000     0x896d
 .debug_info    0x0000000000000000      0x938 ./Core/Src/lcd.o
 .debug_info    0x0000000000000938      0xfa8 ./Core/Src/main.o
 .debug_info    0x00000000000018e0      0xb6f ./Core/Src/stm32f1xx_hal_msp.o
 .debug_info    0x000000000000244f      0x122 ./Core/Src/stm32f1xx_it.o
 .debug_info    0x0000000000002571      0x171 ./Core/Src/sysmem.o
 .debug_info    0x00000000000026e2      0x23d ./Core/Src/system_stm32f1xx.o
 .debug_info    0x000000000000291f       0x22 ./Core/Startup/startup_stm32f103vetx.o
 .debug_info    0x0000000000002941      0x79a ./Drivers/STM32F1xx_HAL_Driver/Src/stm32f1xx_hal 2.o
 .debug_info    0x00000000000030db      0xb86 ./Drivers/STM32F1xx_HAL_Driver/Src/stm32f1xx_hal_cortex 2.o
 .debug_info    0x0000000000003c61      0x615 ./Drivers/STM32F1xx_HAL_Driver/Src/stm32f1xx_hal_gpio 2.o
 .debug_info    0x0000000000004276     0x2734 ./Drivers/STM32F1xx_HAL_Driver/Src/stm32f1xx_hal_i2c 2.o
 .debug_info    0x00000000000069aa      0x860 ./Drivers/STM32F1xx_HAL_Driver/Src/stm32f1xx_hal_rcc 2.o
 .debug_info    0x000000000000720a      0xd5b ./Drivers/STM32F1xx_HAL_Driver/Src/stm32f1xx_hal_sram 2.o
 .debug_info    0x0000000000007f65      0xa08 ./Drivers/STM32F1xx_HAL_Driver/Src/stm32f1xx_ll_fsmc 2.o

.debug_abbrev   0x0000000000000000     0x18c7
 .debug_abbrev  0x0000000000000000      0x254 ./Core/Src/lcd.o
 .debug_abbrev  0x0000000000000254      0x2a3 ./Core/Src/main.o
 .debug_abbrev  0x00000000000004f7      0x1f3 ./Core/Src/stm32f1xx_hal_msp.o
 .debug_abbrev  0x00000000000006ea       0x74 ./Core/Src/stm32f1xx_it.o
 .debug_abbrev  0x000000000000075e       0xbb ./Core/Src/sysmem.o
 .debug_abbrev  0x0000000000000819      0x13b ./Core/Src/system_stm32f1xx.o
 .debug_abbrev  0x0000000000000954       0x12 ./Core/Startup/startup_stm32f103vetx.o
 .debug_abbrev  0x0000000000000966      0x1fb ./Drivers/STM32F1xx_HAL_Driver/Src/stm32f1xx_hal 2.o
 .debug_abbrev  0x0000000000000b61      0x2ed ./Drivers/STM32F1xx_HAL_Driver/Src/stm32f1xx_hal_cortex 2.o
 .debug_abbrev  0x0000000000000e4e      0x1bb ./Drivers/STM32F1xx_HAL_Driver/Src/stm32f1xx_hal_gpio 2.o
 .debug_abbrev  0x0000000000001009      0x288 ./Drivers/STM32F1xx_HAL_Driver/Src/stm32f1xx_hal_i2c 2.o
 .debug_abbrev  0x0000000000001291      0x2a8 ./Drivers/STM32F1xx_HAL_Driver/Src/stm32f1xx_hal_rcc 2.o
 .debug_abbrev  0x0000000000001539      0x1f8 ./Drivers/STM32F1xx_HAL_Driver/Src/stm32f1xx_hal_sram 2.o
 .debug_abbrev  0x0000000000001731      0x196 ./Drivers/STM32F1xx_HAL_Driver/Src/stm32f1xx_ll_fsmc 2.o

.debug_aranges  0x0000000000000000      0x8f0
 .debug_aranges
                0x0000000000000000       0xc0 ./Core/Src/lcd.o
 .debug_aranges
                0x00000000000000c0       0x48 ./Core/Src/main.o
 .debug_aranges
                0x0000000000000108       0x50 ./Core/Src/stm32f1xx_hal_msp.o
 .debug_aranges
                0x0000000000000158       0x60 ./Core/Src/stm32f1xx_it.o
 .debug_aranges
                0x00000000000001b8       0x20 ./Core/Src/sysmem.o
 .debug_aranges
                0x00000000000001d8       0x28 ./Core/Src/system_stm32f1xx.o
 .debug_aranges
                0x0000000000000200       0x28 ./Core/Startup/startup_stm32f103vetx.o
 .debug_aranges
                0x0000000000000228       0xe0 ./Drivers/STM32F1xx_HAL_Driver/Src/stm32f1xx_hal 2.o
 .debug_aranges
                0x0000000000000308      0x100 ./Drivers/STM32F1xx_HAL_Driver/Src/stm32f1xx_hal_cortex 2.o
 .debug_aranges
                0x0000000000000408       0x58 ./Drivers/STM32F1xx_HAL_Driver/Src/stm32f1xx_hal_gpio 2.o
 .debug_aranges
                0x0000000000000460      0x2a0 ./Drivers/STM32F1xx_HAL_Driver/Src/stm32f1xx_hal_i2c 2.o
 .debug_aranges
                0x0000000000000700       0x90 ./Drivers/STM32F1xx_HAL_Driver/Src/stm32f1xx_hal_rcc 2.o
 .debug_aranges
                0x0000000000000790       0xb8 ./Drivers/STM32F1xx_HAL_Driver/Src/stm32f1xx_hal_sram 2.o
 .debug_aranges
                0x0000000000000848       0xa8 ./Drivers/STM32F1xx_HAL_Driver/Src/stm32f1xx_ll_fsmc 2.o

.debug_ranges   0x0000000000000000      0x840
 .debug_ranges  0x0000000000000000       0xb0 ./Core/Src/lcd.o
 .debug_ranges  0x00000000000000b0       0x38 ./Core/Src/main.o
 .debug_ranges  0x00000000000000e8       0x40 ./Core/Src/stm32f1xx_hal_msp.o
 .debug_ranges  0x0000000000000128       0x50 ./Core/Src/stm32f1xx_it.o
 .debug_ranges  0x0000000000000178       0x10 ./Core/Src/sysmem.o
 .debug_ranges  0x0000000000000188       0x18 ./Core/Src/system_stm32f1xx.o
 .debug_ranges  0x00000000000001a0       0x20 ./Core/Startup/startup_stm32f103vetx.o
 .debug_ranges  0x00000000000001c0       0xd0 ./Drivers/STM32F1xx_HAL_Driver/Src/stm32f1xx_hal 2.o
 .debug_ranges  0x0000000000000290       0xf0 ./Drivers/STM32F1xx_HAL_Driver/Src/stm32f1xx_hal_cortex 2.o
 .debug_ranges  0x0000000000000380       0x48 ./Drivers/STM32F1xx_HAL_Driver/Src/stm32f1xx_hal_gpio 2.o
 .debug_ranges  0x00000000000003c8      0x2b8 ./Drivers/STM32F1xx_HAL_Driver/Src/stm32f1xx_hal_i2c 2.o
 .debug_ranges  0x0000000000000680       0x80 ./Drivers/STM32F1xx_HAL_Driver/Src/stm32f1xx_hal_rcc 2.o
 .debug_ranges  0x0000000000000700       0xa8 ./Drivers/STM32F1xx_HAL_Driver/Src/stm32f1xx_hal_sram 2.o
 .debug_ranges  0x00000000000007a8       0x98 ./Drivers/STM32F1xx_HAL_Driver/Src/stm32f1xx_ll_fsmc 2.o

.debug_macro    0x0000000000000000    0x19ad6
 .debug_macro   0x0000000000000000      0x333 ./Core/Src/lcd.o
 .debug_macro   0x0000000000000333      0xa6c ./Core/Src/lcd.o
 .debug_macro   0x0000000000000d9f      0x21b ./Core/Src/lcd.o
 .debug_macro   0x0000000000000fba       0x2e ./Core/Src/lcd.o
 .debug_macro   0x0000000000000fe8       0x22 ./Core/Src/lcd.o
 .debug_macro   0x000000000000100a       0x22 ./Core/Src/lcd.o
 .debug_macro   0x000000000000102c       0x8e ./Core/Src/lcd.o
 .debug_macro   0x00000000000010ba       0x51 ./Core/Src/lcd.o
 .debug_macro   0x000000000000110b      0x103 ./Core/Src/lcd.o
 .debug_macro   0x000000000000120e       0x6a ./Core/Src/lcd.o
 .debug_macro   0x0000000000001278      0x1df ./Core/Src/lcd.o
 .debug_macro   0x0000000000001457       0x1c ./Core/Src/lcd.o
 .debug_macro   0x0000000000001473       0x22 ./Core/Src/lcd.o
 .debug_macro   0x0000000000001495       0xbd ./Core/Src/lcd.o
 .debug_macro   0x0000000000001552      0xd23 ./Core/Src/lcd.o
 .debug_macro   0x0000000000002275     0xfd8c ./Core/Src/lcd.o
 .debug_macro   0x0000000000012001       0x6d ./Core/Src/lcd.o
 .debug_macro   0x000000000001206e     0x3468 ./Core/Src/lcd.o
 .debug_macro   0x00000000000154d6      0x174 ./Core/Src/lcd.o
 .debug_macro   0x000000000001564a       0x5c ./Core/Src/lcd.o
 .debug_macro   0x00000000000156a6      0x5be ./Core/Src/lcd.o
 .debug_macro   0x0000000000015c64      0x4d5 ./Core/Src/lcd.o
 .debug_macro   0x0000000000016139      0x1cb ./Core/Src/lcd.o
 .debug_macro   0x0000000000016304      0x114 ./Core/Src/lcd.o
 .debug_macro   0x0000000000016418      0x1ea ./Core/Src/lcd.o
 .debug_macro   0x0000000000016602       0x27 ./Core/Src/lcd.o
 .debug_macro   0x0000000000016629      0x144 ./Core/Src/lcd.o
 .debug_macro   0x000000000001676d      0x1bc ./Core/Src/lcd.o
 .debug_macro   0x0000000000016929       0x30 ./Core/Src/lcd.o
 .debug_macro   0x0000000000016959       0x3c ./Core/Src/lcd.o
 .debug_macro   0x0000000000016995       0x57 ./Core/Src/lcd.o
 .debug_macro   0x00000000000169ec       0x88 ./Core/Src/lcd.o
 .debug_macro   0x0000000000016a74      0x24f ./Core/Src/lcd.o
 .debug_macro   0x0000000000016cc3      0x356 ./Core/Src/lcd.o
 .debug_macro   0x0000000000017019      0x287 ./Core/Src/lcd.o
 .debug_macro   0x00000000000172a0      0x141 ./Core/Src/lcd.o
 .debug_macro   0x00000000000173e1       0xb5 ./Core/Src/lcd.o
 .debug_macro   0x0000000000017496       0xd0 ./Core/Src/lcd.o
 .debug_macro   0x0000000000017566       0x52 ./Core/Src/lcd.o
 .debug_macro   0x00000000000175b8       0x18 ./Core/Src/lcd.o
 .debug_macro   0x00000000000175d0       0x3c ./Core/Src/lcd.o
 .debug_macro   0x000000000001760c       0x34 ./Core/Src/lcd.o
 .debug_macro   0x0000000000017640       0x16 ./Core/Src/lcd.o
 .debug_macro   0x0000000000017656       0x43 ./Core/Src/lcd.o
 .debug_macro   0x0000000000017699       0x34 ./Core/Src/lcd.o
 .debug_macro   0x00000000000176cd       0x10 ./Core/Src/lcd.o
 .debug_macro   0x00000000000176dd       0x58 ./Core/Src/lcd.o
 .debug_macro   0x0000000000017735       0x71 ./Core/Src/lcd.o
 .debug_macro   0x00000000000177a6       0x1c ./Core/Src/lcd.o
 .debug_macro   0x00000000000177c2      0x12a ./Core/Src/lcd.o
 .debug_macro   0x00000000000178ec      0x341 ./Core/Src/lcd.o
 .debug_macro   0x0000000000017c2d      0x19b ./Core/Src/lcd.o
 .debug_macro   0x0000000000017dc8       0x1c ./Core/Src/lcd.o
 .debug_macro   0x0000000000017de4       0x35 ./Core/Src/lcd.o
 .debug_macro   0x0000000000017e19       0x10 ./Core/Src/lcd.o
 .debug_macro   0x0000000000017e29       0x10 ./Core/Src/lcd.o
 .debug_macro   0x0000000000017e39       0x1c ./Core/Src/lcd.o
 .debug_macro   0x0000000000017e55       0x52 ./Core/Src/lcd.o
 .debug_macro   0x0000000000017ea7       0x22 ./Core/Src/lcd.o
 .debug_macro   0x0000000000017ec9       0x10 ./Core/Src/lcd.o
 .debug_macro   0x0000000000017ed9       0x52 ./Core/Src/lcd.o
 .debug_macro   0x0000000000017f2b       0xd5 ./Core/Src/lcd.o
 .debug_macro   0x0000000000018000       0x1c ./Core/Src/lcd.o
 .debug_macro   0x000000000001801c       0x3d ./Core/Src/lcd.o
 .debug_macro   0x0000000000018059       0x16 ./Core/Src/lcd.o
 .debug_macro   0x000000000001806f      0x145 ./Core/Src/lcd.o
 .debug_macro   0x00000000000181b4      0x32d ./Core/Src/main.o
 .debug_macro   0x00000000000184e1       0xd6 ./Core/Src/main.o
 .debug_macro   0x00000000000185b7       0x16 ./Core/Src/main.o
 .debug_macro   0x00000000000185cd      0x1b2 ./Core/Src/stm32f1xx_hal_msp.o
 .debug_macro   0x000000000001877f      0x1bc ./Core/Src/stm32f1xx_it.o
 .debug_macro   0x000000000001893b       0xff ./Core/Src/sysmem.o
 .debug_macro   0x0000000000018a3a      0x23b ./Core/Src/sysmem.o
 .debug_macro   0x0000000000018c75      0x1a8 ./Core/Src/system_stm32f1xx.o
 .debug_macro   0x0000000000018e1d      0x1cc ./Drivers/STM32F1xx_HAL_Driver/Src/stm32f1xx_hal 2.o
 .debug_macro   0x0000000000018fe9      0x1a8 ./Drivers/STM32F1xx_HAL_Driver/Src/stm32f1xx_hal_cortex 2.o
 .debug_macro   0x0000000000019191      0x213 ./Drivers/STM32F1xx_HAL_Driver/Src/stm32f1xx_hal_gpio 2.o
 .debug_macro   0x00000000000193a4      0x1ef ./Drivers/STM32F1xx_HAL_Driver/Src/stm32f1xx_hal_i2c 2.o
 .debug_macro   0x0000000000019593      0x1ba ./Drivers/STM32F1xx_HAL_Driver/Src/stm32f1xx_hal_rcc 2.o
 .debug_macro   0x000000000001974d      0x1a8 ./Drivers/STM32F1xx_HAL_Driver/Src/stm32f1xx_hal_sram 2.o
 .debug_macro   0x00000000000198f5      0x1e1 ./Drivers/STM32F1xx_HAL_Driver/Src/stm32f1xx_ll_fsmc 2.o

.debug_line     0x0000000000000000     0xb011
 .debug_line    0x0000000000000000      0xd6d ./Core/Src/lcd.o
 .debug_line    0x0000000000000d6d      0xa98 ./Core/Src/main.o
 .debug_line    0x0000000000001805      0x786 ./Core/Src/stm32f1xx_hal_msp.o
 .debug_line    0x0000000000001f8b      0x75d ./Core/Src/stm32f1xx_it.o
 .debug_line    0x00000000000026e8      0x521 ./Core/Src/sysmem.o
 .debug_line    0x0000000000002c09      0x719 ./Core/Src/system_stm32f1xx.o
 .debug_line    0x0000000000003322       0x87 ./Core/Startup/startup_stm32f103vetx.o
 .debug_line    0x00000000000033a9      0x948 ./Drivers/STM32F1xx_HAL_Driver/Src/stm32f1xx_hal 2.o
 .debug_line    0x0000000000003cf1      0xb30 ./Drivers/STM32F1xx_HAL_Driver/Src/stm32f1xx_hal_cortex 2.o
 .debug_line    0x0000000000004821      0xa07 ./Drivers/STM32F1xx_HAL_Driver/Src/stm32f1xx_hal_gpio 2.o
 .debug_line    0x0000000000005228     0x3a32 ./Drivers/STM32F1xx_HAL_Driver/Src/stm32f1xx_hal_i2c 2.o
 .debug_line    0x0000000000008c5a      0xd56 ./Drivers/STM32F1xx_HAL_Driver/Src/stm32f1xx_hal_rcc 2.o
 .debug_line    0x00000000000099b0      0xcbb ./Drivers/STM32F1xx_HAL_Driver/Src/stm32f1xx_hal_sram 2.o
 .debug_line    0x000000000000a66b      0x9a6 ./Drivers/STM32F1xx_HAL_Driver/Src/stm32f1xx_ll_fsmc 2.o

.debug_str      0x0000000000000000    0x9446c
 .debug_str     0x0000000000000000    0x910d0 ./Core/Src/lcd.o
                                      0x91501 (size before relaxing)
 .debug_str     0x00000000000910d0      0x8db ./Core/Src/main.o
                                      0x91c3f (size before relaxing)
 .debug_str     0x00000000000919ab       0xd5 ./Core/Src/stm32f1xx_hal_msp.o
                                      0x8d12e (size before relaxing)
 .debug_str     0x0000000000091a80       0xc9 ./Core/Src/stm32f1xx_it.o
                                      0x8ca26 (size before relaxing)
 .debug_str     0x0000000000091b49      0x4da ./Core/Src/sysmem.o
                                       0x5d5b (size before relaxing)
 .debug_str     0x0000000000092023       0x7e ./Core/Src/system_stm32f1xx.o
                                      0x8ca3c (size before relaxing)
 .debug_str     0x00000000000920a1       0x36 ./Core/Startup/startup_stm32f103vetx.o
                                         0x75 (size before relaxing)
 .debug_str     0x00000000000920d7      0x6a1 ./Drivers/STM32F1xx_HAL_Driver/Src/stm32f1xx_hal 2.o
                                      0x8d255 (size before relaxing)
 .debug_str     0x0000000000092778      0x2b3 ./Drivers/STM32F1xx_HAL_Driver/Src/stm32f1xx_hal_cortex 2.o
                                      0x8d1a1 (size before relaxing)
 .debug_str     0x0000000000092a2b      0x2e8 ./Drivers/STM32F1xx_HAL_Driver/Src/stm32f1xx_hal_gpio 2.o
                                      0x8cdc4 (size before relaxing)
 .debug_str     0x0000000000092d13      0xb67 ./Drivers/STM32F1xx_HAL_Driver/Src/stm32f1xx_hal_i2c 2.o
                                      0x8dab2 (size before relaxing)
 .debug_str     0x000000000009387a      0x20b ./Drivers/STM32F1xx_HAL_Driver/Src/stm32f1xx_hal_rcc 2.o
                                      0x8ce6d (size before relaxing)
 .debug_str     0x0000000000093a85      0x29e ./Drivers/STM32F1xx_HAL_Driver/Src/stm32f1xx_hal_sram 2.o
                                      0x8d0c1 (size before relaxing)
 .debug_str     0x0000000000093d23      0x749 ./Drivers/STM32F1xx_HAL_Driver/Src/stm32f1xx_ll_fsmc 2.o
                                      0x8d3a3 (size before relaxing)

.comment        0x0000000000000000       0x50
 .comment       0x0000000000000000       0x50 ./Core/Src/lcd.o
                                         0x51 (size before relaxing)
 .comment       0x0000000000000050       0x51 ./Core/Src/main.o
 .comment       0x0000000000000050       0x51 ./Core/Src/stm32f1xx_hal_msp.o
 .comment       0x0000000000000050       0x51 ./Core/Src/stm32f1xx_it.o
 .comment       0x0000000000000050       0x51 ./Core/Src/sysmem.o
 .comment       0x0000000000000050       0x51 ./Core/Src/system_stm32f1xx.o
 .comment       0x0000000000000050       0x51 ./Drivers/STM32F1xx_HAL_Driver/Src/stm32f1xx_hal 2.o
 .comment       0x0000000000000050       0x51 ./Drivers/STM32F1xx_HAL_Driver/Src/stm32f1xx_hal_cortex 2.o
 .comment       0x0000000000000050       0x51 ./Drivers/STM32F1xx_HAL_Driver/Src/stm32f1xx_hal_gpio 2.o
 .comment       0x0000000000000050       0x51 ./Drivers/STM32F1xx_HAL_Driver/Src/stm32f1xx_hal_i2c 2.o
 .comment       0x0000000000000050       0x51 ./Drivers/STM32F1xx_HAL_Driver/Src/stm32f1xx_hal_rcc 2.o
 .comment       0x0000000000000050       0x51 ./Drivers/STM32F1xx_HAL_Driver/Src/stm32f1xx_hal_sram 2.o
 .comment       0x0000000000000050       0x51 ./Drivers/STM32F1xx_HAL_Driver/Src/stm32f1xx_ll_fsmc 2.o

.debug_frame    0x0000000000000000     0x2ab4
 .debug_frame   0x0000000000000000      0x314 ./Core/Src/lcd.o
 .debug_frame   0x0000000000000314       0xd4 ./Core/Src/main.o
 .debug_frame   0x00000000000003e8      0x108 ./Core/Src/stm32f1xx_hal_msp.o
 .debug_frame   0x00000000000004f0      0x104 ./Core/Src/stm32f1xx_it.o
 .debug_frame   0x00000000000005f4       0x34 ./Core/Src/sysmem.o
 .debug_frame   0x0000000000000628       0x58 ./Core/Src/system_stm32f1xx.o
 .debug_frame   0x0000000000000680      0x334 ./Drivers/STM32F1xx_HAL_Driver/Src/stm32f1xx_hal 2.o
 .debug_frame   0x00000000000009b4      0x428 ./Drivers/STM32F1xx_HAL_Driver/Src/stm32f1xx_hal_cortex 2.o
 .debug_frame   0x0000000000000ddc      0x14c ./Drivers/STM32F1xx_HAL_Driver/Src/stm32f1xx_hal_gpio 2.o
 .debug_frame   0x0000000000000f28      0xc5c ./Drivers/STM32F1xx_HAL_Driver/Src/stm32f1xx_hal_i2c 2.o
 .debug_frame   0x0000000000001b84      0x21c ./Drivers/STM32F1xx_HAL_Driver/Src/stm32f1xx_hal_rcc 2.o
 .debug_frame   0x0000000000001da0      0x30c ./Drivers/STM32F1xx_HAL_Driver/Src/stm32f1xx_hal_sram 2.o
 .debug_frame   0x00000000000020ac      0x2dc ./Drivers/STM32F1xx_HAL_Driver/Src/stm32f1xx_ll_fsmc 2.o
 .debug_frame   0x0000000000002388       0x20 /Applications/STM32CubeIDE.app/Contents/Eclipse/plugins/com.st.stm32cube.ide.mcu.externaltools.gnu-tools-for-stm32.10.3-2021.10.macos64_1.0.0.202111181127/tools/bin/../lib/gcc/arm-none-eabi/10.3.1/../../../../arm-none-eabi/lib/thumb/v7-m/nofp/libc_nano.a(lib_a-errno.o)
 .debug_frame   0x00000000000023a8       0x2c /Applications/STM32CubeIDE.app/Contents/Eclipse/plugins/com.st.stm32cube.ide.mcu.externaltools.gnu-tools-for-stm32.10.3-2021.10.macos64_1.0.0.202111181127/tools/bin/../lib/gcc/arm-none-eabi/10.3.1/../../../../arm-none-eabi/lib/thumb/v7-m/nofp/libc_nano.a(lib_a-init.o)
 .debug_frame   0x00000000000023d4       0x20 /Applications/STM32CubeIDE.app/Contents/Eclipse/plugins/com.st.stm32cube.ide.mcu.externaltools.gnu-tools-for-stm32.10.3-2021.10.macos64_1.0.0.202111181127/tools/bin/../lib/gcc/arm-none-eabi/10.3.1/../../../../arm-none-eabi/lib/thumb/v7-m/nofp/libc_nano.a(lib_a-memset.o)
 .debug_frame   0x00000000000023f4       0x6c /Applications/STM32CubeIDE.app/Contents/Eclipse/plugins/com.st.stm32cube.ide.mcu.externaltools.gnu-tools-for-stm32.10.3-2021.10.macos64_1.0.0.202111181127/tools/bin/../lib/gcc/arm-none-eabi/10.3.1/../../../../arm-none-eabi/lib/thumb/v7-m/nofp/libc_nano.a(lib_a-sprintf.o)
 .debug_frame   0x0000000000002460       0x90 /Applications/STM32CubeIDE.app/Contents/Eclipse/plugins/com.st.stm32cube.ide.mcu.externaltools.gnu-tools-for-stm32.10.3-2021.10.macos64_1.0.0.202111181127/tools/bin/../lib/gcc/arm-none-eabi/10.3.1/../../../../arm-none-eabi/lib/thumb/v7-m/nofp/libc_nano.a(lib_a-nano-svfprintf.o)
 .debug_frame   0x00000000000024f0       0x60 /Applications/STM32CubeIDE.app/Contents/Eclipse/plugins/com.st.stm32cube.ide.mcu.externaltools.gnu-tools-for-stm32.10.3-2021.10.macos64_1.0.0.202111181127/tools/bin/../lib/gcc/arm-none-eabi/10.3.1/../../../../arm-none-eabi/lib/thumb/v7-m/nofp/libc_nano.a(lib_a-nano-vfprintf_i.o)
 .debug_frame   0x0000000000002550       0x28 /Applications/STM32CubeIDE.app/Contents/Eclipse/plugins/com.st.stm32cube.ide.mcu.externaltools.gnu-tools-for-stm32.10.3-2021.10.macos64_1.0.0.202111181127/tools/bin/../lib/gcc/arm-none-eabi/10.3.1/../../../../arm-none-eabi/lib/thumb/v7-m/nofp/libc_nano.a(lib_a-memchr-stub.o)
 .debug_frame   0x0000000000002578       0x28 /Applications/STM32CubeIDE.app/Contents/Eclipse/plugins/com.st.stm32cube.ide.mcu.externaltools.gnu-tools-for-stm32.10.3-2021.10.macos64_1.0.0.202111181127/tools/bin/../lib/gcc/arm-none-eabi/10.3.1/../../../../arm-none-eabi/lib/thumb/v7-m/nofp/libc_nano.a(lib_a-memcpy-stub.o)
 .debug_frame   0x00000000000025a0       0x28 /Applications/STM32CubeIDE.app/Contents/Eclipse/plugins/com.st.stm32cube.ide.mcu.externaltools.gnu-tools-for-stm32.10.3-2021.10.macos64_1.0.0.202111181127/tools/bin/../lib/gcc/arm-none-eabi/10.3.1/../../../../arm-none-eabi/lib/thumb/v7-m/nofp/libc_nano.a(lib_a-memmove.o)
 .debug_frame   0x00000000000025c8       0x38 /Applications/STM32CubeIDE.app/Contents/Eclipse/plugins/com.st.stm32cube.ide.mcu.externaltools.gnu-tools-for-stm32.10.3-2021.10.macos64_1.0.0.202111181127/tools/bin/../lib/gcc/arm-none-eabi/10.3.1/../../../../arm-none-eabi/lib/thumb/v7-m/nofp/libc_nano.a(lib_a-nano-freer.o)
 .debug_frame   0x0000000000002600       0x4c /Applications/STM32CubeIDE.app/Contents/Eclipse/plugins/com.st.stm32cube.ide.mcu.externaltools.gnu-tools-for-stm32.10.3-2021.10.macos64_1.0.0.202111181127/tools/bin/../lib/gcc/arm-none-eabi/10.3.1/../../../../arm-none-eabi/lib/thumb/v7-m/nofp/libc_nano.a(lib_a-nano-mallocr.o)
 .debug_frame   0x000000000000264c       0x3c /Applications/STM32CubeIDE.app/Contents/Eclipse/plugins/com.st.stm32cube.ide.mcu.externaltools.gnu-tools-for-stm32.10.3-2021.10.macos64_1.0.0.202111181127/tools/bin/../lib/gcc/arm-none-eabi/10.3.1/../../../../arm-none-eabi/lib/thumb/v7-m/nofp/libc_nano.a(lib_a-nano-reallocr.o)
 .debug_frame   0x0000000000002688       0x2c /Applications/STM32CubeIDE.app/Contents/Eclipse/plugins/com.st.stm32cube.ide.mcu.externaltools.gnu-tools-for-stm32.10.3-2021.10.macos64_1.0.0.202111181127/tools/bin/../lib/gcc/arm-none-eabi/10.3.1/../../../../arm-none-eabi/lib/thumb/v7-m/nofp/libc_nano.a(lib_a-sbrkr.o)
 .debug_frame   0x00000000000026b4       0x30 /Applications/STM32CubeIDE.app/Contents/Eclipse/plugins/com.st.stm32cube.ide.mcu.externaltools.gnu-tools-for-stm32.10.3-2021.10.macos64_1.0.0.202111181127/tools/bin/../lib/gcc/arm-none-eabi/10.3.1/../../../../arm-none-eabi/lib/thumb/v7-m/nofp/libc_nano.a(lib_a-mlock.o)
 .debug_frame   0x00000000000026e4       0x20 /Applications/STM32CubeIDE.app/Contents/Eclipse/plugins/com.st.stm32cube.ide.mcu.externaltools.gnu-tools-for-stm32.10.3-2021.10.macos64_1.0.0.202111181127/tools/bin/../lib/gcc/arm-none-eabi/10.3.1/../../../../arm-none-eabi/lib/thumb/v7-m/nofp/libc_nano.a(lib_a-nano-msizer.o)
 .debug_frame   0x0000000000002704       0x5c /Applications/STM32CubeIDE.app/Contents/Eclipse/plugins/com.st.stm32cube.ide.mcu.externaltools.gnu-tools-for-stm32.10.3-2021.10.macos64_1.0.0.202111181127/tools/bin/../lib/gcc/arm-none-eabi/10.3.1/../../../../arm-none-eabi/lib/thumb/v7-m/nofp/libc_nano.a(lib_a-reent.o)
 .debug_frame   0x0000000000002760       0xb0 /Applications/STM32CubeIDE.app/Contents/Eclipse/plugins/com.st.stm32cube.ide.mcu.externaltools.gnu-tools-for-stm32.10.3-2021.10.macos64_1.0.0.202111181127/tools/bin/../lib/gcc/arm-none-eabi/10.3.1/../../../../arm-none-eabi/lib/thumb/v7-m/nofp/libc_nano.a(lib_a-lock.o)
 .debug_frame   0x0000000000002810       0x20 /Applications/STM32CubeIDE.app/Contents/Eclipse/plugins/com.st.stm32cube.ide.mcu.externaltools.gnu-tools-for-stm32.10.3-2021.10.macos64_1.0.0.202111181127/tools/bin/../lib/gcc/arm-none-eabi/10.3.1/../../../../arm-none-eabi/lib/thumb/v7-m/nofp/libm.a(lib_a-w_atan2.o)
 .debug_frame   0x0000000000002830       0x48 /Applications/STM32CubeIDE.app/Contents/Eclipse/plugins/com.st.stm32cube.ide.mcu.externaltools.gnu-tools-for-stm32.10.3-2021.10.macos64_1.0.0.202111181127/tools/bin/../lib/gcc/arm-none-eabi/10.3.1/../../../../arm-none-eabi/lib/thumb/v7-m/nofp/libm.a(lib_a-e_atan2.o)
 .debug_frame   0x0000000000002878       0x38 /Applications/STM32CubeIDE.app/Contents/Eclipse/plugins/com.st.stm32cube.ide.mcu.externaltools.gnu-tools-for-stm32.10.3-2021.10.macos64_1.0.0.202111181127/tools/bin/../lib/gcc/arm-none-eabi/10.3.1/../../../../arm-none-eabi/lib/thumb/v7-m/nofp/libm.a(lib_a-s_atan.o)
 .debug_frame   0x00000000000028b0       0x20 /Applications/STM32CubeIDE.app/Contents/Eclipse/plugins/com.st.stm32cube.ide.mcu.externaltools.gnu-tools-for-stm32.10.3-2021.10.macos64_1.0.0.202111181127/tools/bin/../lib/gcc/arm-none-eabi/10.3.1/../../../../arm-none-eabi/lib/thumb/v7-m/nofp/libm.a(lib_a-s_fabs.o)
 .debug_frame   0x00000000000028d0       0xac /Applications/STM32CubeIDE.app/Contents/Eclipse/plugins/com.st.stm32cube.ide.mcu.externaltools.gnu-tools-for-stm32.10.3-2021.10.macos64_1.0.0.202111181127/tools/bin/../lib/gcc/arm-none-eabi/10.3.1/thumb/v7-m/nofp/libgcc.a(_arm_addsubdf3.o)
 .debug_frame   0x000000000000297c       0x50 /Applications/STM32CubeIDE.app/Contents/Eclipse/plugins/com.st.stm32cube.ide.mcu.externaltools.gnu-tools-for-stm32.10.3-2021.10.macos64_1.0.0.202111181127/tools/bin/../lib/gcc/arm-none-eabi/10.3.1/thumb/v7-m/nofp/libgcc.a(_arm_muldivdf3.o)
 .debug_frame   0x00000000000029cc       0xc4 /Applications/STM32CubeIDE.app/Contents/Eclipse/plugins/com.st.stm32cube.ide.mcu.externaltools.gnu-tools-for-stm32.10.3-2021.10.macos64_1.0.0.202111181127/tools/bin/../lib/gcc/arm-none-eabi/10.3.1/thumb/v7-m/nofp/libgcc.a(_arm_cmpdf2.o)
 .debug_frame   0x0000000000002a90       0x24 /Applications/STM32CubeIDE.app/Contents/Eclipse/plugins/com.st.stm32cube.ide.mcu.externaltools.gnu-tools-for-stm32.10.3-2021.10.macos64_1.0.0.202111181127/tools/bin/../lib/gcc/arm-none-eabi/10.3.1/thumb/v7-m/nofp/libgcc.a(_arm_fixdfsi.o)
